Archive member included to satisfy reference by file (symbol)

/Users/makiah/ti/ccsv7/tools/compiler/gcc-arm-none-eabi-6-2017-q1-update/bin/../lib/gcc/arm-none-eabi/6.3.1/../../../../arm-none-eabi/lib/thumb/v7e-m/fpv4-sp/hard/libstdc++_nano.a(atexit_arm.o)
                              ./src/tasks/IMUTask.o (__aeabi_atexit)
/Users/makiah/ti/ccsv7/tools/compiler/gcc-arm-none-eabi-6-2017-q1-update/bin/../lib/gcc/arm-none-eabi/6.3.1/../../../../arm-none-eabi/lib/thumb/v7e-m/fpv4-sp/hard/libstdc++_nano.a(class_type_info.o)
                              ./src/drivers/Adafruit_BNO055.o (vtable for __cxxabiv1::__class_type_info)
/Users/makiah/ti/ccsv7/tools/compiler/gcc-arm-none-eabi-6-2017-q1-update/bin/../lib/gcc/arm-none-eabi/6.3.1/../../../../arm-none-eabi/lib/thumb/v7e-m/fpv4-sp/hard/libstdc++_nano.a(del_ops.o)
                              ./src/drivers/Adafruit_BNO055.o (operator delete(void*, unsigned int))
/Users/makiah/ti/ccsv7/tools/compiler/gcc-arm-none-eabi-6-2017-q1-update/bin/../lib/gcc/arm-none-eabi/6.3.1/../../../../arm-none-eabi/lib/thumb/v7e-m/fpv4-sp/hard/libstdc++_nano.a(eh_arm.o)
                              ./src/drivers/Adafruit_BNO055.o (__cxa_end_cleanup)
/Users/makiah/ti/ccsv7/tools/compiler/gcc-arm-none-eabi-6-2017-q1-update/bin/../lib/gcc/arm-none-eabi/6.3.1/../../../../arm-none-eabi/lib/thumb/v7e-m/fpv4-sp/hard/libstdc++_nano.a(eh_exception.o)
                              /Users/makiah/ti/ccsv7/tools/compiler/gcc-arm-none-eabi-6-2017-q1-update/bin/../lib/gcc/arm-none-eabi/6.3.1/../../../../arm-none-eabi/lib/thumb/v7e-m/fpv4-sp/hard/libstdc++_nano.a(eh_arm.o) (typeinfo for __cxxabiv1::__forced_unwind)
/Users/makiah/ti/ccsv7/tools/compiler/gcc-arm-none-eabi-6-2017-q1-update/bin/../lib/gcc/arm-none-eabi/6.3.1/../../../../arm-none-eabi/lib/thumb/v7e-m/fpv4-sp/hard/libstdc++_nano.a(eh_globals.o)
                              /Users/makiah/ti/ccsv7/tools/compiler/gcc-arm-none-eabi-6-2017-q1-update/bin/../lib/gcc/arm-none-eabi/6.3.1/../../../../arm-none-eabi/lib/thumb/v7e-m/fpv4-sp/hard/libstdc++_nano.a(eh_arm.o) (__cxa_get_globals)
/Users/makiah/ti/ccsv7/tools/compiler/gcc-arm-none-eabi-6-2017-q1-update/bin/../lib/gcc/arm-none-eabi/6.3.1/../../../../arm-none-eabi/lib/thumb/v7e-m/fpv4-sp/hard/libstdc++_nano.a(eh_personality.o)
                              ./src/drivers/Adafruit_BNO055.o (__gxx_personality_v0)
/Users/makiah/ti/ccsv7/tools/compiler/gcc-arm-none-eabi-6-2017-q1-update/bin/../lib/gcc/arm-none-eabi/6.3.1/../../../../arm-none-eabi/lib/thumb/v7e-m/fpv4-sp/hard/libstdc++_nano.a(eh_terminate.o)
                              /Users/makiah/ti/ccsv7/tools/compiler/gcc-arm-none-eabi-6-2017-q1-update/bin/../lib/gcc/arm-none-eabi/6.3.1/../../../../arm-none-eabi/lib/thumb/v7e-m/fpv4-sp/hard/libstdc++_nano.a(eh_arm.o) (std::terminate())
/Users/makiah/ti/ccsv7/tools/compiler/gcc-arm-none-eabi-6-2017-q1-update/bin/../lib/gcc/arm-none-eabi/6.3.1/../../../../arm-none-eabi/lib/thumb/v7e-m/fpv4-sp/hard/libstdc++_nano.a(eh_unex_handler.o)
                              /Users/makiah/ti/ccsv7/tools/compiler/gcc-arm-none-eabi-6-2017-q1-update/bin/../lib/gcc/arm-none-eabi/6.3.1/../../../../arm-none-eabi/lib/thumb/v7e-m/fpv4-sp/hard/libstdc++_nano.a(eh_terminate.o) (__cxxabiv1::__unexpected_handler)
/Users/makiah/ti/ccsv7/tools/compiler/gcc-arm-none-eabi-6-2017-q1-update/bin/../lib/gcc/arm-none-eabi/6.3.1/../../../../arm-none-eabi/lib/thumb/v7e-m/fpv4-sp/hard/libstdc++_nano.a(pure.o)
                              ./src/drivers/Adafruit_BNO055.o (__cxa_pure_virtual)
/Users/makiah/ti/ccsv7/tools/compiler/gcc-arm-none-eabi-6-2017-q1-update/bin/../lib/gcc/arm-none-eabi/6.3.1/../../../../arm-none-eabi/lib/thumb/v7e-m/fpv4-sp/hard/libstdc++_nano.a(si_class_type_info.o)
                              ./src/drivers/Adafruit_BNO055.o (vtable for __cxxabiv1::__si_class_type_info)
/Users/makiah/ti/ccsv7/tools/compiler/gcc-arm-none-eabi-6-2017-q1-update/bin/../lib/gcc/arm-none-eabi/6.3.1/../../../../arm-none-eabi/lib/thumb/v7e-m/fpv4-sp/hard/libstdc++_nano.a(tinfo.o)
                              /Users/makiah/ti/ccsv7/tools/compiler/gcc-arm-none-eabi-6-2017-q1-update/bin/../lib/gcc/arm-none-eabi/6.3.1/../../../../arm-none-eabi/lib/thumb/v7e-m/fpv4-sp/hard/libstdc++_nano.a(class_type_info.o) (std::type_info::~type_info())
/Users/makiah/ti/ccsv7/tools/compiler/gcc-arm-none-eabi-6-2017-q1-update/bin/../lib/gcc/arm-none-eabi/6.3.1/../../../../arm-none-eabi/lib/thumb/v7e-m/fpv4-sp/hard/libstdc++_nano.a(del_op.o)
                              /Users/makiah/ti/ccsv7/tools/compiler/gcc-arm-none-eabi-6-2017-q1-update/bin/../lib/gcc/arm-none-eabi/6.3.1/../../../../arm-none-eabi/lib/thumb/v7e-m/fpv4-sp/hard/libstdc++_nano.a(del_ops.o) (operator delete(void*))
/Users/makiah/ti/ccsv7/tools/compiler/gcc-arm-none-eabi-6-2017-q1-update/bin/../lib/gcc/arm-none-eabi/6.3.1/../../../../arm-none-eabi/lib/thumb/v7e-m/fpv4-sp/hard/libstdc++_nano.a(eh_call.o)
[...]
Memory Configuration

Name             Origin             Length             Attributes
MAIN_FLASH       0x0000000000000000 0x0000000000040000 xr
INFO_FLASH       0x0000000000200000 0x0000000000004000 xr
SRAM_DATA        0x0000000020000000 0x0000000000010000 rw
*default*        0x0000000000000000 0xffffffffffffffff

Linker script and memory map

LOAD ./src/appGlobals.o
LOAD ./src/appInit.o
LOAD ./src/main_freertos.o
LOAD ./src/board/MSP_EXP432P401R.o
LOAD ./src/drivers/Adafruit_BNO055.o
LOAD ./src/drivers/ms5607-02ba03.o
LOAD ./src/tasks/IMUTask.o
LOAD ./src/tasks/appMain.o
LOAD ./src/tasks/sensorTask.o
LOAD ./src/utils/debug_printf.o
LOAD ./src/utils/timeUtils.o
                0x0000000000001000                STACKSIZE = 0x1000
                0x0000000000000000                PROVIDE (_intvecs_base_address, DEFINED (_intvecs_base_address)?_intvecs_base_address:0x0)

.intvecs        0x0000000000000000      0x140
 *(.intvecs)
 .intvecs       0x0000000000000000      0x140 /Users/makiah/Desktop/Karman/karman-workspace/freertos_builds_MSP_EXP432P401R_release_gcc/Debug/libfreertos_builds_MSP_EXP432P401R_release_gcc.a(startup_msp432_gcc.o)
                0x0000000000000000                interruptVectors
                0x0000000020000000                PROVIDE (_vtable_base_address, DEFINED (_vtable_base_address)?_vtable_base_address:0x20000000)

.vtable
 *(.vtable)

.text           0x0000000000000140     0xca78
 CREATE_OBJECT_SYMBOLS
 *(.text)
 .text          0x0000000000000140        0x0 ./src/appGlobals.o
 .text          0x0000000000000140        0x0 ./src/appInit.o
 .text          0x0000000000000140        0x0 ./src/main_freertos.o
 .text          0x0000000000000140        0x0 ./src/board/MSP_EXP432P401R.o
 .text          0x0000000000000140        0x0 ./src/drivers/Adafruit_BNO055.o
 .text          0x0000000000000140        0x0 ./src/drivers/ms5607-02ba03.o
 .text          0x0000000000000140        0x0 ./src/tasks/IMUTask.o
 .text          0x0000000000000140        0x0 ./src/tasks/appMain.o
 .text          0x0000000000000140        0x0 ./src/tasks/sensorTask.o
 .text          0x0000000000000140        0x0 ./src/utils/debug_printf.o
 .text          0x0000000000000140        0x0 ./src/utils/timeUtils.o
 .text          0x0000000000000140        0x0 /Users/makiah/ti/ccsv7/tools/compiler/gcc-arm-none-eabi-6-2017-q1-update/bin/../lib/gcc/arm-none-eabi/6.3.1/../../../../arm-none-eabi/lib/thumb/v7e-m/fpv4-sp/hard/libstdc++_nano.a(atexit_arm.o)
 .text          0x0000000000000140        0x0 /Users/makiah/ti/ccsv7/tools/compiler/gcc-arm-none-eabi-6-2017-q1-update/bin/../lib/gcc/arm-none-eabi/6.3.1/../../../../arm-none-eabi/lib/thumb/v7e-m/fpv4-sp/hard/libstdc++_nano.a(class_type_info.o)
 .text          0x0000000000000140        0x0 /Users/makiah/ti/ccsv7/tools/compiler/gcc-arm-none-eabi-6-2017-q1-update/bin/../lib/gcc/arm-none-eabi/6.3.1/../../../../arm-none-eabi/lib/thumb/v7e-m/fpv4-sp/hard/libstdc++_nano.a(del_ops.o)
 .text          0x0000000000000140        0x0 /Users/makiah/ti/ccsv7/tools/compiler/gcc-arm-none-eabi-6-2017-q1-update/bin/../lib/gcc/arm-none-eabi/6.3.1/../../../../arm-none-eabi/lib/thumb/v7e-m/fpv4-sp/hard/libstdc++_nano.a(eh_arm.o)
 .text          0x0000000000000140        0x0 /Users/makiah/ti/ccsv7/tools/compiler/gcc-arm-none-eabi-6-2017-q1-update/bin/../lib/gcc/arm-none-eabi/6.3.1/../../../../arm-none-eabi/lib/thumb/v7e-m/fpv4-sp/hard/libstdc++_nano.a(eh_exception.o)
 .text          0x0000000000000140        0x0 /Users/makiah/ti/ccsv7/tools/compiler/gcc-arm-none-eabi-6-2017-q1-update/bin/../lib/gcc/arm-none-eabi/6.3.1/../../../../arm-none-eabi/lib/thumb/v7e-m/fpv4-sp/hard/libstdc++_nano.a(eh_globals.o)
 .text          0x0000000000000140        0x0 /Users/makiah/ti/ccsv7/tools/compiler/gcc-arm-none-eabi-6-2017-q1-update/bin/../lib/gcc/arm-none-eabi/6.3.1/../../../../arm-none-eabi/lib/thumb/v7e-m/fpv4-sp/hard/libstdc++_nano.a(eh_personality.o)
 .text          0x0000000000000140        0x0 /Users/makiah/ti/ccsv7/tools/compiler/gcc-arm-none-eabi-6-2017-q1-update/bin/../lib/gcc/arm-none-eabi/6.3.1/../../../../arm-none-eabi/lib/thumb/v7e-m/fpv4-sp/hard/libstdc++_nano.a(eh_terminate.o)
 .text          0x0000000000000140        0x0 /Users/makiah/ti/ccsv7/tools/compiler/gcc-arm-none-eabi-6-2017-q1-update/bin/../lib/gcc/arm-none-eabi/6.3.1/../../../../arm-none-eabi/lib/thumb/v7e-m/fpv4-sp/hard/libstdc++_nano.a(eh_unex_handler.o)
 .text          0x0000000000000140        0x0 /Users/makiah/ti/ccsv7/tools/compiler/gcc-arm-none-eabi-6-2017-q1-update/bin/../lib/gcc/arm-none-eabi/6.3.1/../../../../arm-none-eabi/lib/thumb/v7e-m/fpv4-sp/hard/libstdc++_nano.a(pure.o)
 .text          0x0000000000000140        0x0 /Users/makiah/ti/ccsv7/tools/compiler/gcc-arm-none-eabi-6-2017-q1-update/bin/../lib/gcc/arm-none-eabi/6.3.1/../../../../arm-none-eabi/lib/thumb/v7e-m/fpv4-sp/hard/libstdc++_nano.a(si_class_type_info.o)
 .text          0x0000000000000140        0x0 /Users/makiah/ti/ccsv7/tools/compiler/gcc-arm-none-eabi-6-2017-q1-update/bin/../lib/gcc/arm-none-eabi/6.3.1/../../../../arm-none-eabi/lib/thumb/v7e-m/fpv4-sp/hard/libstdc++_nano.a(tinfo.o)
 .text          0x0000000000000140        0x0 /Users/makiah/ti/ccsv7/tools/compiler/gcc-arm-none-eabi-6-2017-q1-update/bin/../lib/gcc/arm-none-eabi/6.3.1/../../../../arm-none-eabi/lib/thumb/v7e-m/fpv4-sp/hard/libstdc++_nano.a(del_op.o)
 .text          0x0000000000000140        0x0 /Users/makiah/ti/ccsv7/tools/compiler/gcc-arm-none-eabi-6-2017-q1-update/bin/../lib/gcc/arm-none-eabi/6.3.1/../../../../arm-none-eabi/lib/thumb/v7e-m/fpv4-sp/hard/libstdc++_nano.a(eh_call.o)
 .text          0x0000000000000140        0x0 /Users/makiah/ti/ccsv7/tools/compiler/gcc-arm-none-eabi-6-2017-q1-update/bin/../lib/gcc/arm-none-eabi/6.3.1/../../../../arm-none-eabi/lib/thumb/v7e-m/fpv4-sp/hard/libstdc++_nano.a(eh_catch.o)
 .text          0x0000000000000140        0x0 /Users/makiah/ti/ccsv7/tools/compiler/gcc-arm-none-eabi-6-2017-q1-update/bin/../lib/gcc/arm-none-eabi/6.3.1/../../../../arm-none-eabi/lib/thumb/v7e-m/fpv4-sp/hard/libstdc++_nano.a(eh_term_handler.o)
 .text          0x0000000000000140        0x0 /Users/makiah/ti/ccsv7/tools/compiler/gcc-arm-none-eabi-6-2017-q1-update/bin/../lib/gcc/arm-none-eabi/6.3.1/../../../../arm-none-eabi/lib/thumb/v7e-m/fpv4-sp/hard/libc_nano.a(lib_a-abort.o)
 .text          0x0000000000000140        0x0 /Users/makiah/ti/ccsv7/tools/compiler/gcc-arm-none-eabi-6-2017-q1-update/bin/../lib/gcc/arm-none-eabi/6.3.1/../../../../arm-none-eabi/lib/thumb/v7e-m/fpv4-sp/hard/libc_nano.a(lib_a-cxa_atexit.o)
 .text          0x0000000000000140        0x0 /Users/makiah/ti/ccsv7/tools/compiler/gcc-arm-none-eabi-6-2017-q1-update/bin/../lib/gcc/arm-none-eabi/6.3.1/../../../../arm-none-eabi/lib/thumb/v7e-m/fpv4-sp/hard/libc_nano.a(lib_a-malloc.o)
 .text          0x0000000000000140        0x0 /Users/makiah/ti/ccsv7/tools/compiler/gcc-arm-none-eabi-6-2017-q1-update/bin/../lib/gcc/arm-none-eabi/6.3.1/../../../../arm-none-eabi/lib/thumb/v7e-m/fpv4-sp/hard/libc_nano.a(lib_a-memset.o)
 .text          0x0000000000000140        0x0 /Users/makiah/ti/ccsv7/tools/compiler/gcc-arm-none-eabi-6-2017-q1-update/bin/../lib/gcc/arm-none-eabi/6.3.1/../../../../arm-none-eabi/lib/thumb/v7e-m/fpv4-sp/hard/libc_nano.a(lib_a-nano-freer.o)
 .text          0x0000000000000140        0x0 /Users/makiah/ti/ccsv7/tools/compiler/gcc-arm-none-eabi-6-2017-q1-update/bin/../lib/gcc/arm-none-eabi/6.3.1/../../../../arm-none-eabi/lib/thumb/v7e-m/fpv4-sp/hard/libc_nano.a(lib_a-nano-mallocr.o)
 .text          0x0000000000000140        0x0 /Users/makiah/ti/ccsv7/tools/compiler/gcc-arm-none-eabi-6-2017-q1-update/bin/../lib/gcc/arm-none-eabi/6.3.1/../../../../arm-none-eabi/lib/thumb/v7e-m/fpv4-sp/hard/libc_nano.a(lib_a-on_exit_args.o)
 .text          0x0000000000000140        0x0 /Users/makiah/ti/ccsv7/tools/compiler/gcc-arm-none-eabi-6-2017-q1-update/bin/../lib/gcc/arm-none-eabi/6.3.1/../../../../arm-none-eabi/lib/thumb/v7e-m/fpv4-sp/hard/libc_nano.a(lib_a-sbrkr.o)
 .text          0x0000000000000140        0x0 /Users/makiah/ti/ccsv7/tools/compiler/gcc-arm-none-eabi-6-2017-q1-update/bin/../lib/gcc/arm-none-eabi/6.3.1/../../../../arm-none-eabi/lib/thumb/v7e-m/fpv4-sp/hard/libc_nano.a(lib_a-signal.o)
 .text          0x0000000000000140        0x0 /Users/makiah/ti/ccsv7/tools/compiler/gcc-arm-none-eabi-6-2017-q1-update/bin/../lib/gcc/arm-none-eabi/6.3.1/../../../../arm-none-eabi/lib/thumb/v7e-m/fpv4-sp/hard/libc_nano.a(lib_a-signalr.o)
 .text          0x0000000000000140       0x14 /Users/makiah/ti/ccsv7/tools/compiler/gcc-arm-none-eabi-6-2017-q1-update/bin/../lib/gcc/arm-none-eabi/6.3.1/../../../../arm-none-eabi/lib/thumb/v7e-m/fpv4-sp/hard/libc_nano.a(lib_a-strcmp.o)
                0x0000000000000140                strcmp
 .text          0x0000000000000154        0x0 /Users/makiah/ti/ccsv7/tools/compiler/gcc-arm-none-eabi-6-2017-q1-update/bin/../lib/gcc/arm-none-eabi/6.3.1/../../../../arm-none-eabi/lib/thumb/v7e-m/fpv4-sp/hard/libc_nano.a(lib_a-strncpy.o)
 .text          0x0000000000000154        0x0 /Users/makiah/ti/ccsv7/tools/compiler/gcc-arm-none-eabi-6-2017-q1-update/bin/../lib/gcc/arm-none-eabi/6.3.1/../../../../arm-none-eabi/lib/thumb/v7e-m/fpv4-sp/hard/libc_nano.a(lib_a-impure.o)
 .text          0x0000000000000154        0x0 /Users/makiah/ti/ccsv7/tools/compiler/gcc-arm-none-eabi-6-2017-q1-update/bin/../lib/gcc/arm-none-eabi/6.3.1/../../../../arm-none-eabi/lib/thumb/v7e-m/fpv4-sp/hard/libc_nano.a(lib_a-mlock.o)
 .text          0x0000000000000154        0x0 /Users/makiah/ti/ccsv7/tools/compiler/gcc-arm-none-eabi-6-2017-q1-update/bin/../lib/gcc/arm-none-eabi/6.3.1/../../../../arm-none-eabi/lib/thumb/v7e-m/fpv4-sp/hard/libc_nano.a(lib_a-reent.o)
 .text          0x0000000000000154        0x0 /Users/makiah/ti/simplelink_msp432p4_sdk_1_60_00_12/source/ti/display/lib/display.am4fg(Display.om4fg)
 .text          0x0000000000000154        0x0 /Users/makiah/ti/simplelink_msp432p4_sdk_1_60_00_12/source/ti/display/lib/display.am4fg(DisplayUart.om4fg)
 .text          0x0000000000000154        0x0 /Users/makiah/ti/simplelink_msp432p4_sdk_1_60_00_12/source/ti/drivers/lib/drivers_msp432p401x.am4fg(SDSPI.om4fg)
 .text          0x0000000000000154        0x0 /Users/makiah/ti/simplelink_msp432p4_sdk_1_60_00_12/source/ti/drivers/lib/drivers_msp432p401x.am4fg(ADCMSP432.om4fg)
 .text          0x0000000000000154        0x0 /Users/makiah/ti/simplelink_msp432p4_sdk_1_60_00_12/source/ti/drivers/lib/drivers_msp432p401x.am4fg(ADCBufMSP432.om4fg)
 .text          0x0000000000000154        0x0 /Users/makiah/ti/simplelink_msp432p4_sdk_1_60_00_12/source/ti/drivers/lib/drivers_msp432p401x.am4fg(CaptureMSP432.om4fg)
 .text          0x0000000000000154        0x0 /Users/makiah/ti/simplelink_msp432p4_sdk_1_60_00_12/source/ti/drivers/lib/drivers_msp432p401x.am4fg(UDMAMSP432.om4fg)
 .text          0x0000000000000154        0x0 /Users/makiah/ti/simplelink_msp432p4_sdk_1_60_00_12/source/ti/drivers/lib/drivers_msp432p401x.am4fg(GPIOMSP432.om4fg)
 .text          0x0000000000000154        0x0 /Users/makiah/ti/simplelink_msp432p4_sdk_1_60_00_12/source/ti/drivers/lib/drivers_msp432p401x.am4fg(I2C.om4fg)
 .text          0x0000000000000154        0x0 /Users/makiah/ti/simplelink_msp432p4_sdk_1_60_00_12/source/ti/drivers/lib/drivers_msp432p401x.am4fg(I2CMSP432.om4fg)
 .text          0x0000000000000154        0x0 /Users/makiah/ti/simplelink_msp432p4_sdk_1_60_00_12/source/ti/drivers/lib/drivers_msp432p401x.am4fg(I2CSlaveMSP432.om4fg)
 .text          0x0000000000000154        0x0 /Users/makiah/ti/simplelink_msp432p4_sdk_1_60_00_12/source/ti/drivers/lib/drivers_msp432p401x.am4fg(NVSMSP432.om4fg)
 .text          0x0000000000000154        0x0 /Users/makiah/ti/simplelink_msp432p4_sdk_1_60_00_12/source/ti/drivers/lib/drivers_msp432p401x.am4fg(PowerMSP432.om4fg)
 .text          0x0000000000000154        0x0 /Users/makiah/ti/simplelink_msp432p4_sdk_1_60_00_12/source/ti/drivers/lib/drivers_msp432p401x.am4fg(PWMTimerMSP432.om4fg)
 .text          0x0000000000000154        0x0 /Users/makiah/ti/simplelink_msp432p4_sdk_1_60_00_12/source/ti/drivers/lib/drivers_msp432p401x.am4fg(SPI.om4fg)
 .text          0x0000000000000154        0x0 /Users/makiah/ti/simplelink_msp432p4_sdk_1_60_00_12/source/ti/drivers/lib/drivers_msp432p401x.am4fg(SPIMSP432DMA.om4fg)
 .text          0x0000000000000154        0x0 /Users/makiah/ti/simplelink_msp432p4_sdk_1_60_00_12/source/ti/drivers/lib/drivers_msp432p401x.am4fg(Timer.om4fg)
 .text          0x0000000000000154        0x0 /Users/makiah/ti/simplelink_msp432p4_sdk_1_60_00_12/source/ti/drivers/lib/drivers_msp432p401x.am4fg(TimerMSP432.om4fg)
 .text          0x0000000000000154        0x0 /Users/makiah/ti/simplelink_msp432p4_sdk_1_60_00_12/source/ti/drivers/lib/drivers_msp432p401x.am4fg(UART.om4fg)
 .text          0x0000000000000154        0x0 /Users/makiah/ti/simplelink_msp432p4_sdk_1_60_00_12/source/ti/drivers/lib/drivers_msp432p401x.am4fg(UARTMSP432.om4fg)
 .text          0x0000000000000154        0x0 /Users/makiah/ti/simplelink_msp432p4_sdk_1_60_00_12/source/ti/drivers/lib/drivers_msp432p401x.am4fg(WatchdogMSP432.om4fg)
 .text          0x0000000000000154        0x0 /Users/makiah/ti/simplelink_msp432p4_sdk_1_60_00_12/source/ti/drivers/lib/drivers_msp432p401x.am4fg(List.om4fg)
 .text          0x0000000000000154        0x0 /Users/makiah/ti/simplelink_msp432p4_sdk_1_60_00_12/source/ti/drivers/lib/drivers_msp432p401x.am4fg(RingBuf.om4fg)
 .text          0x0000000000000154        0x0 /Users/makiah/ti/simplelink_msp432p4_sdk_1_60_00_12/source/ti/drivers/lib/drivers_msp432p401x.am4fg(ADCBuf.om4fg)
 .text          0x0000000000000154        0x0 /Users/makiah/Desktop/Karman/karman-workspace/freertos_builds_MSP_EXP432P401R_release_gcc/Debug/libfreertos_builds_MSP_EXP432P401R_release_gcc.a(ClockP_freertos.o)
 .text          0x0000000000000154        0x0 /Users/makiah/Desktop/Karman/karman-workspace/freertos_builds_MSP_EXP432P401R_release_gcc/Debug/libfreertos_builds_MSP_EXP432P401R_release_gcc.a(HwiPMSP432_freertos.o)
 .text          0x0000000000000154        0x0 /Users/makiah/Desktop/Karman/karman-workspace/freertos_builds_MSP_EXP432P401R_release_gcc/Debug/libfreertos_builds_MSP_EXP432P401R_release_gcc.a(PowerMSP432_freertos.o)
 .text          0x0000000000000154        0x0 /Users/makiah/Desktop/Karman/karman-workspace/freertos_builds_MSP_EXP432P401R_release_gcc/Debug/libfreertos_builds_MSP_EXP432P401R_release_gcc.a(SemaphoreP_freertos.o)
 .text          0x0000000000000154        0x0 /Users/makiah/Desktop/Karman/karman-workspace/freertos_builds_MSP_EXP432P401R_release_gcc/Debug/libfreertos_builds_MSP_EXP432P401R_release_gcc.a(SystemP_freertos.o)
 .text          0x0000000000000154        0x0 /Users/makiah/Desktop/Karman/karman-workspace/freertos_builds_MSP_EXP432P401R_release_gcc/Debug/libfreertos_builds_MSP_EXP432P401R_release_gcc.a(heap_4.o)
 .text          0x0000000000000154        0x0 /Users/makiah/Desktop/Karman/karman-workspace/freertos_builds_MSP_EXP432P401R_release_gcc/Debug/libfreertos_builds_MSP_EXP432P401R_release_gcc.a(queue.o)
 .text          0x0000000000000154        0x0 /Users/makiah/Desktop/Karman/karman-workspace/freertos_builds_MSP_EXP432P401R_release_gcc/Debug/libfreertos_builds_MSP_EXP432P401R_release_gcc.a(tasks.o)
 .text          0x0000000000000154        0x0 /Users/makiah/Desktop/Karman/karman-workspace/freertos_builds_MSP_EXP432P401R_release_gcc/Debug/libfreertos_builds_MSP_EXP432P401R_release_gcc.a(timers.o)
 .text          0x0000000000000154        0x0 /Users/makiah/Desktop/Karman/karman-workspace/freertos_builds_MSP_EXP432P401R_release_gcc/Debug/libfreertos_builds_MSP_EXP432P401R_release_gcc.a(port.o)
 .text          0x0000000000000154        0x0 /Users/makiah/Desktop/Karman/karman-workspace/freertos_builds_MSP_EXP432P401R_release_gcc/Debug/libfreertos_builds_MSP_EXP432P401R_release_gcc.a(startup_msp432_gcc.o)
 .text          0x0000000000000154        0x0 /Users/makiah/Desktop/Karman/karman-workspace/freertos_builds_MSP_EXP432P401R_release_gcc/Debug/libfreertos_builds_MSP_EXP432P401R_release_gcc.a(clock.o)
 .text          0x0000000000000154        0x0 /Users/makiah/Desktop/Karman/karman-workspace/freertos_builds_MSP_EXP432P401R_release_gcc/Debug/libfreertos_builds_MSP_EXP432P401R_release_gcc.a(pthread.o)
 .text          0x0000000000000154        0x0 /Users/makiah/Desktop/Karman/karman-workspace/freertos_builds_MSP_EXP432P401R_release_gcc/Debug/libfreertos_builds_MSP_EXP432P401R_release_gcc.a(pthread_mutex.o)
 .text          0x0000000000000154        0x0 /Users/makiah/Desktop/Karman/karman-workspace/freertos_builds_MSP_EXP432P401R_release_gcc/Debug/libfreertos_builds_MSP_EXP432P401R_release_gcc.a(sleep.o)
 .text          0x0000000000000154        0x0 /Users/makiah/Desktop/Karman/karman-workspace/freertos_builds_MSP_EXP432P401R_release_gcc/Debug/libfreertos_builds_MSP_EXP432P401R_release_gcc.a(list.o)
 .text          0x0000000000000154        0x0 /Users/makiah/ti/simplelink_msp432p4_sdk_1_60_00_12/source/ti/devices/msp432p4xx/driverlib/gcc/msp432p4xx_driverlib.a(cpu_MSP432P4XX.obj)
 .text          0x0000000000000154        0x0 /Users/makiah/ti/simplelink_msp432p4_sdk_1_60_00_12/source/ti/devices/msp432p4xx/driverlib/gcc/msp432p4xx_driverlib.a(cs_MSP432P4XX.obj)
 .text          0x0000000000000154        0x0 /Users/makiah/ti/simplelink_msp432p4_sdk_1_60_00_12/source/ti/devices/msp432p4xx/driverlib/gcc/msp432p4xx_driverlib.a(gpio_MSP432P4XX.obj)
 .text          0x0000000000000154        0x0 /Users/makiah/ti/simplelink_msp432p4_sdk_1_60_00_12/source/ti/devices/msp432p4xx/driverlib/gcc/msp432p4xx_driverlib.a(i2c_MSP432P4XX.obj)
 .text          0x0000000000000154        0x0 /Users/makiah/ti/simplelink_msp432p4_sdk_1_60_00_12/source/ti/devices/msp432p4xx/driverlib/gcc/msp432p4xx_driverlib.a(interrupt_MSP432P4XX.obj)
 .text          0x0000000000000154        0x0 /Users/makiah/ti/simplelink_msp432p4_sdk_1_60_00_12/source/ti/devices/msp432p4xx/driverlib/gcc/msp432p4xx_driverlib.a(spi_MSP432P4XX.obj)
 .text          0x0000000000000154        0x0 /Users/makiah/ti/simplelink_msp432p4_sdk_1_60_00_12/source/ti/devices/msp432p4xx/driverlib/gcc/msp432p4xx_driverlib.a(sysctl_MSP432P4XX.obj)
 .text          0x0000000000000154        0x0 /Users/makiah/ti/simplelink_msp432p4_sdk_1_60_00_12/source/ti/devices/msp432p4xx/driverlib/gcc/msp432p4xx_driverlib.a(sysctl_a_MSP432P4XX.obj)
 .text          0x0000000000000154        0x0 /Users/makiah/ti/simplelink_msp432p4_sdk_1_60_00_12/source/ti/devices/msp432p4xx/driverlib/gcc/msp432p4xx_driverlib.a(timer_a_MSP432P4XX.obj)
 .text          0x0000000000000154      0x370 /Users/makiah/ti/ccsv7/tools/compiler/gcc-arm-none-eabi-6-2017-q1-update/bin/../lib/gcc/arm-none-eabi/6.3.1/thumb/v7e-m/fpv4-sp/hard/libgcc.a(_arm_addsubdf3.o)
                0x0000000000000154                __aeabi_drsub
                0x000000000000015c                __subdf3
                0x000000000000015c                __aeabi_dsub
                0x0000000000000160                __aeabi_dadd
                0x0000000000000160                __adddf3
                0x00000000000003d8                __aeabi_ui2d
                0x00000000000003d8                __floatunsidf
                0x00000000000003f8                __floatsidf
                0x00000000000003f8                __aeabi_i2d
                0x000000000000041c                __extendsfdf2
                0x000000000000041c                __aeabi_f2d
                0x0000000000000458                __aeabi_ul2d
                0x0000000000000458                __floatundidf
                0x0000000000000468                __aeabi_l2d
                0x0000000000000468                __floatdidf
 .text          0x00000000000004c4      0x424 /Users/makiah/ti/ccsv7/tools/compiler/gcc-arm-none-eabi-6-2017-q1-update/bin/../lib/gcc/arm-none-eabi/6.3.1/thumb/v7e-m/fpv4-sp/hard/libgcc.a(_arm_muldivdf3.o)
                0x00000000000004c4                __aeabi_dmul
                0x00000000000004c4                __muldf3
                0x0000000000000718                __aeabi_ddiv
                0x0000000000000718                __divdf3
 .text          0x00000000000008e8      0x110 /Users/makiah/ti/ccsv7/tools/compiler/gcc-arm-none-eabi-6-2017-q1-update/bin/../lib/gcc/arm-none-eabi/6.3.1/thumb/v7e-m/fpv4-sp/hard/libgcc.a(_arm_cmpdf2.o)
                0x00000000000008e8                __gedf2
                0x00000000000008e8                __gtdf2
                0x00000000000008f0                __ledf2
                0x00000000000008f0                __ltdf2
                0x00000000000008f8                __cmpdf2
                0x00000000000008f8                __eqdf2
                0x00000000000008f8                __nedf2
                0x0000000000000974                __aeabi_cdrcmple
                0x0000000000000984                __aeabi_cdcmple
                0x0000000000000984                __aeabi_cdcmpeq
                0x0000000000000994                __aeabi_dcmpeq
                0x00000000000009a8                __aeabi_dcmplt
                0x00000000000009bc                __aeabi_dcmple
                0x00000000000009d0                __aeabi_dcmpge
                0x00000000000009e4                __aeabi_dcmpgt
 .text          0x00000000000009f8       0x50 /Users/makiah/ti/ccsv7/tools/compiler/gcc-arm-none-eabi-6-2017-q1-update/bin/../lib/gcc/arm-none-eabi/6.3.1/thumb/v7e-m/fpv4-sp/hard/libgcc.a(_arm_fixdfsi.o)
                0x00000000000009f8                __fixdfsi
                0x00000000000009f8                __aeabi_d2iz
 .text          0x0000000000000a48       0x40 /Users/makiah/ti/ccsv7/tools/compiler/gcc-arm-none-eabi-6-2017-q1-update/bin/../lib/gcc/arm-none-eabi/6.3.1/thumb/v7e-m/fpv4-sp/hard/libgcc.a(_arm_fixunsdfsi.o)
                0x0000000000000a48                __fixunsdfsi
                0x0000000000000a48                __aeabi_d2uiz
 .text          0x0000000000000a88       0xa0 /Users/makiah/ti/ccsv7/tools/compiler/gcc-arm-none-eabi-6-2017-q1-update/bin/../lib/gcc/arm-none-eabi/6.3.1/thumb/v7e-m/fpv4-sp/hard/libgcc.a(_arm_truncdfsf2.o)
                0x0000000000000a88                __aeabi_d2f
                0x0000000000000a88                __truncdfsf2
 .text          0x0000000000000b28       0x30 /Users/makiah/ti/ccsv7/tools/compiler/gcc-arm-none-eabi-6-2017-q1-update/bin/../lib/gcc/arm-none-eabi/6.3.1/thumb/v7e-m/fpv4-sp/hard/libgcc.a(_aeabi_uldivmod.o)
                0x0000000000000b28                __aeabi_uldivmod
 .text          0x0000000000000b58      0x2dc /Users/makiah/ti/ccsv7/tools/compiler/gcc-arm-none-eabi-6-2017-q1-update/bin/../lib/gcc/arm-none-eabi/6.3.1/thumb/v7e-m/fpv4-sp/hard/libgcc.a(_udivmoddi4.o)
                0x0000000000000b58                __udivmoddi4
 .text          0x0000000000000e34      0x9cc /Users/makiah/ti/ccsv7/tools/compiler/gcc-arm-none-eabi-6-2017-q1-update/bin/../lib/gcc/arm-none-eabi/6.3.1/thumb/v7e-m/fpv4-sp/hard/libgcc.a(unwind-arm.o)
                0x00000000000010f4                _Unwind_GetCFA
                0x00000000000010f8                __gnu_Unwind_RaiseException
                0x0000000000001158                __gnu_Unwind_ForcedUnwind
                0x000000000000116c                __gnu_Unwind_Resume
                0x00000000000011b0                __gnu_Unwind_Resume_or_Rethrow
                0x00000000000011c0                _Unwind_Complete
                0x00000000000011c4                _Unwind_DeleteException
                0x00000000000011d0                _Unwind_VRS_Get
                0x000000000000121c                _Unwind_VRS_Set
                0x000000000000126c                __gnu_Unwind_Backtrace
                0x00000000000015ac                __aeabi_unwind_cpp_pr0
                0x00000000000015b0                __aeabi_unwind_cpp_pr1
                0x00000000000015b4                __aeabi_unwind_cpp_pr2
                0x00000000000015b8                _Unwind_VRS_Pop
 .text          0x0000000000001800      0x1ac /Users/makiah/ti/ccsv7/tools/compiler/gcc-arm-none-eabi-6-2017-q1-update/bin/../lib/gcc/arm-none-eabi/6.3.1/thumb/v7e-m/fpv4-sp/hard/libgcc.a(libunwind.o)
                0x0000000000001800                __restore_core_regs
                0x0000000000001800                restore_core_regs
                0x0000000000001818                __gnu_Unwind_Restore_VFP
                0x0000000000001820                __gnu_Unwind_Save_VFP
                0x0000000000001828                __gnu_Unwind_Restore_VFP_D
                0x0000000000001830                __gnu_Unwind_Save_VFP_D
                0x0000000000001838                __gnu_Unwind_Restore_VFP_D_16_to_31
                0x0000000000001840                __gnu_Unwind_Save_VFP_D_16_to_31
                0x0000000000001848                __gnu_Unwind_Restore_WMMXD
                0x000000000000188c                __gnu_Unwind_Save_WMMXD
                0x00000000000018d0                __gnu_Unwind_Restore_WMMXC
                0x00000000000018e4                __gnu_Unwind_Save_WMMXC
                0x00000000000018f8                _Unwind_RaiseException
                0x00000000000018f8                ___Unwind_RaiseException
                0x000000000000191c                ___Unwind_Resume
                0x000000000000191c                _Unwind_Resume
                0x0000000000001940                ___Unwind_Resume_or_Rethrow
                0x0000000000001940                _Unwind_Resume_or_Rethrow
                0x0000000000001964                _Unwind_ForcedUnwind
                0x0000000000001964                ___Unwind_ForcedUnwind
                0x0000000000001988                _Unwind_Backtrace
                0x0000000000001988                ___Unwind_Backtrace
 .text          0x00000000000019ac      0x380 /Users/makiah/ti/ccsv7/tools/compiler/gcc-arm-none-eabi-6-2017-q1-update/bin/../lib/gcc/arm-none-eabi/6.3.1/thumb/v7e-m/fpv4-sp/hard/libgcc.a(pr-support.o)
                0x0000000000001a04                __gnu_unwind_execute
                0x0000000000001cd4                __gnu_unwind_frame
                0x0000000000001cfc                _Unwind_GetRegionStart
                0x0000000000001d08                _Unwind_GetLanguageSpecificData
                0x0000000000001d1c                _Unwind_GetTextRelBase
                0x0000000000001d24                _Unwind_GetDataRelBase
 .text          0x0000000000001d2c        0x4 /Users/makiah/ti/ccsv7/tools/compiler/gcc-arm-none-eabi-6-2017-q1-update/bin/../lib/gcc/arm-none-eabi/6.3.1/thumb/v7e-m/fpv4-sp/hard/libgcc.a(_dvmd_tls.o)
                0x0000000000001d2c                __aeabi_ldiv0
                0x0000000000001d2c                __aeabi_idiv0
 .text          0x0000000000001d30        0x0 /Users/makiah/ti/ccsv7/tools/compiler/gcc-arm-none-eabi-6-2017-q1-update/bin/../lib/gcc/arm-none-eabi/6.3.1/../../../../arm-none-eabi/lib/thumb/v7e-m/fpv4-sp/hard/libnosys.a(getpid.o)
 .text          0x0000000000001d30        0x0 /Users/makiah/ti/ccsv7/tools/compiler/gcc-arm-none-eabi-6-2017-q1-update/bin/../lib/gcc/arm-none-eabi/6.3.1/../../../../arm-none-eabi/lib/thumb/v7e-m/fpv4-sp/hard/libnosys.a(kill.o)
 .text          0x0000000000001d30        0x0 /Users/makiah/ti/ccsv7/tools/compiler/gcc-arm-none-eabi-6-2017-q1-update/bin/../lib/gcc/arm-none-eabi/6.3.1/../../../../arm-none-eabi/lib/thumb/v7e-m/fpv4-sp/hard/libnosys.a(sbrk.o)
 .text          0x0000000000001d30        0x0 /Users/makiah/ti/ccsv7/tools/compiler/gcc-arm-none-eabi-6-2017-q1-update/bin/../lib/gcc/arm-none-eabi/6.3.1/../../../../arm-none-eabi/lib/thumb/v7e-m/fpv4-sp/hard/libnosys.a(_exit.o)
 .text          0x0000000000001d30        0x0 /Users/makiah/ti/ccsv7/tools/compiler/gcc-arm-none-eabi-6-2017-q1-update/bin/../lib/gcc/arm-none-eabi/6.3.1/../../../../arm-none-eabi/lib/thumb/v7e-m/fpv4-sp/hard/libc_nano.a(lib_a-errno.o)
 .text          0x0000000000001d30        0x0 /Users/makiah/ti/ccsv7/tools/compiler/gcc-arm-none-eabi-6-2017-q1-update/bin/../lib/gcc/arm-none-eabi/6.3.1/../../../../arm-none-eabi/lib/thumb/v7e-m/fpv4-sp/hard/libc_nano.a(lib_a-findfp.o)
 .text          0x0000000000001d30        0x0 /Users/makiah/ti/ccsv7/tools/compiler/gcc-arm-none-eabi-6-2017-q1-update/bin/../lib/gcc/arm-none-eabi/6.3.1/../../../../arm-none-eabi/lib/thumb/v7e-m/fpv4-sp/hard/libc_nano.a(lib_a-fwalk.o)
 .text          0x0000000000001d30        0x0 /Users/makiah/ti/ccsv7/tools/compiler/gcc-arm-none-eabi-6-2017-q1-update/bin/../lib/gcc/arm-none-eabi/6.3.1/../../../../arm-none-eabi/lib/thumb/v7e-m/fpv4-sp/hard/libc_nano.a(lib_a-memcpy-stub.o)
 .text          0x0000000000001d30        0x0 /Users/makiah/ti/ccsv7/tools/compiler/gcc-arm-none-eabi-6-2017-q1-update/bin/../lib/gcc/arm-none-eabi/6.3.1/../../../../arm-none-eabi/lib/thumb/v7e-m/fpv4-sp/hard/libc_nano.a(lib_a-stdio.o)
 .text          0x0000000000001d30       0x10 /Users/makiah/ti/ccsv7/tools/compiler/gcc-arm-none-eabi-6-2017-q1-update/bin/../lib/gcc/arm-none-eabi/6.3.1/../../../../arm-none-eabi/lib/thumb/v7e-m/fpv4-sp/hard/libc_nano.a(lib_a-strlen.o)
                0x0000000000001d30                strlen
 .text          0x0000000000001d40        0x0 /Users/makiah/ti/ccsv7/tools/compiler/gcc-arm-none-eabi-6-2017-q1-update/bin/../lib/gcc/arm-none-eabi/6.3.1/../../../../arm-none-eabi/lib/thumb/v7e-m/fpv4-sp/hard/libc_nano.a(lib_a-writer.o)
 .text          0x0000000000001d40        0x0 /Users/makiah/ti/ccsv7/tools/compiler/gcc-arm-none-eabi-6-2017-q1-update/bin/../lib/gcc/arm-none-eabi/6.3.1/../../../../arm-none-eabi/lib/thumb/v7e-m/fpv4-sp/hard/libc_nano.a(lib_a-closer.o)
 .text          0x0000000000001d40        0x0 /Users/makiah/ti/ccsv7/tools/compiler/gcc-arm-none-eabi-6-2017-q1-update/bin/../lib/gcc/arm-none-eabi/6.3.1/../../../../arm-none-eabi/lib/thumb/v7e-m/fpv4-sp/hard/libc_nano.a(lib_a-fflush.o)
 .text          0x0000000000001d40        0x0 /Users/makiah/ti/ccsv7/tools/compiler/gcc-arm-none-eabi-6-2017-q1-update/bin/../lib/gcc/arm-none-eabi/6.3.1/../../../../arm-none-eabi/lib/thumb/v7e-m/fpv4-sp/hard/libc_nano.a(lib_a-lseekr.o)
 .text          0x0000000000001d40        0x0 /Users/makiah/ti/ccsv7/tools/compiler/gcc-arm-none-eabi-6-2017-q1-update/bin/../lib/gcc/arm-none-eabi/6.3.1/../../../../arm-none-eabi/lib/thumb/v7e-m/fpv4-sp/hard/libc_nano.a(lib_a-readr.o)
 .text          0x0000000000001d40        0x0 /Users/makiah/ti/ccsv7/tools/compiler/gcc-arm-none-eabi-6-2017-q1-update/bin/../lib/gcc/arm-none-eabi/6.3.1/../../../../arm-none-eabi/lib/thumb/v7e-m/fpv4-sp/hard/libnosys.a(close.o)
 .text          0x0000000000001d40        0x0 /Users/makiah/ti/ccsv7/tools/compiler/gcc-arm-none-eabi-6-2017-q1-update/bin/../lib/gcc/arm-none-eabi/6.3.1/../../../../arm-none-eabi/lib/thumb/v7e-m/fpv4-sp/hard/libnosys.a(lseek.o)
 .text          0x0000000000001d40        0x0 /Users/makiah/ti/ccsv7/tools/compiler/gcc-arm-none-eabi-6-2017-q1-update/bin/../lib/gcc/arm-none-eabi/6.3.1/../../../../arm-none-eabi/lib/thumb/v7e-m/fpv4-sp/hard/libnosys.a(read.o)
 .text          0x0000000000001d40        0x0 /Users/makiah/ti/ccsv7/tools/compiler/gcc-arm-none-eabi-6-2017-q1-update/bin/../lib/gcc/arm-none-eabi/6.3.1/../../../../arm-none-eabi/lib/thumb/v7e-m/fpv4-sp/hard/libnosys.a(write.o)
 *(.text.*)
 .text.appInit  0x0000000000001d40       0xc0 ./src/appInit.o
                0x0000000000001d40                appInit
 .text.timerCallback
                0x0000000000001e00       0x16 ./src/appInit.o
                0x0000000000001e00                timerCallback
 *fill*         0x0000000000001e16        0x2 
 .text.main     0x0000000000001e18       0xe4 ./src/main_freertos.o
                0x0000000000001e18                main
 .text.vApplicationMallocFailedHook
                0x0000000000001efc        0x6 ./src/main_freertos.o
                0x0000000000001efc                vApplicationMallocFailedHook
 .text.vApplicationStackOverflowHook
                0x0000000000001f02        0xc ./src/main_freertos.o
                0x0000000000001f02                vApplicationStackOverflowHook
 *fill*         0x0000000000001f0e        0x2 
 .text.dmaErrorHwi
                0x0000000000001f10       0x28 ./src/board/MSP_EXP432P401R.o
 .text.MSP_EXP432P401R_initGeneral
                0x0000000000001f38        0xc ./src/board/MSP_EXP432P401R.o
                0x0000000000001f38                MSP_EXP432P401R_initGeneral
 .text._ZN15Adafruit_SensorC2Ev
                0x0000000000001f44       0x20 ./src/drivers/Adafruit_BNO055.o
                0x0000000000001f44                Adafruit_Sensor::Adafruit_Sensor()
                0x0000000000001f44                Adafruit_Sensor::Adafruit_Sensor()
 .text._ZN15Adafruit_SensorD2Ev
                0x0000000000001f64       0x20 ./src/drivers/Adafruit_BNO055.o
                0x0000000000001f64                Adafruit_Sensor::~Adafruit_Sensor()
                0x0000000000001f64                Adafruit_Sensor::~Adafruit_Sensor()
 .text._ZN15Adafruit_SensorD0Ev
                0x0000000000001f84       0x20 ./src/drivers/Adafruit_BNO055.o
                0x0000000000001f84                Adafruit_Sensor::~Adafruit_Sensor()
 .text._ZN15Adafruit_Sensor15enableAutoRangeEb
                0x0000000000001fa4       0x18 ./src/drivers/Adafruit_BNO055.o
                0x0000000000001fa4                Adafruit_Sensor::enableAutoRange(bool)
 .text._ZL5delaym
                0x0000000000001fbc       0x20 ./src/drivers/Adafruit_BNO055.o
 .text._ZL6millisv
                0x0000000000001fdc       0x38 ./src/drivers/Adafruit_BNO055.o
 .text._ZN15Adafruit_BNO055C2ElhP11I2C_Config_
                0x0000000000002014       0x40 ./src/drivers/Adafruit_BNO055.o
                0x0000000000002014                Adafruit_BNO055::Adafruit_BNO055(long, unsigned char, I2C_Config_*)
                0x0000000000002014                Adafruit_BNO055::Adafruit_BNO055(long, unsigned char, I2C_Config_*)
 .text._ZN15Adafruit_BNO0555beginENS_24adafruit_bno055_opmode_tE
                0x0000000000002054       0xb8 ./src/drivers/Adafruit_BNO055.o
                0x0000000000002054                Adafruit_BNO055::begin(Adafruit_BNO055::adafruit_bno055_opmode_t)
 .text._ZN15Adafruit_BNO0557setModeENS_24adafruit_bno055_opmode_tE
                0x000000000000210c       0x2e ./src/drivers/Adafruit_BNO055.o
                0x000000000000210c                Adafruit_BNO055::setMode(Adafruit_BNO055::adafruit_bno055_opmode_t)
 .text._ZN15Adafruit_BNO05516setExtCrystalUseEb
                0x000000000000213a       0x64 ./src/drivers/Adafruit_BNO055.o
                0x000000000000213a                Adafruit_BNO055::setExtCrystalUse(bool)
 .text._ZN15Adafruit_BNO05514getCalibrationEPhS0_S0_S0_
                0x000000000000219e       0x70 ./src/drivers/Adafruit_BNO055.o
                0x000000000000219e                Adafruit_BNO055::getCalibration(unsigned char*, unsigned char*, unsigned char*, unsigned char*)
 .text._ZN15Adafruit_BNO0557getTempEv
                0x000000000000220e       0x20 ./src/drivers/Adafruit_BNO055.o
                0x000000000000220e                Adafruit_BNO055::getTemp()
 *fill*         0x000000000000222e        0x2 
 .text._ZN15Adafruit_BNO0559getVectorENS_22adafruit_vector_type_tE
                0x0000000000002230      0x304 ./src/drivers/Adafruit_BNO055.o
                0x0000000000002230                Adafruit_BNO055::getVector(Adafruit_BNO055::adafruit_vector_type_t)
 .text._ZN15Adafruit_BNO0559getSensorEP8sensor_t
                0x0000000000002534       0x68 ./src/drivers/Adafruit_BNO055.o
                0x0000000000002534                Adafruit_BNO055::getSensor(sensor_t*)
 .text._ZN15Adafruit_BNO0558getEventEP15sensors_event_t
                0x000000000000259c       0xb0 ./src/drivers/Adafruit_BNO055.o
                0x000000000000259c                Adafruit_BNO055::getEvent(sensors_event_t*)
 .text._ZN15Adafruit_BNO0556write8ENS_21adafruit_bno055_reg_tEh
                0x000000000000264c       0x4e ./src/drivers/Adafruit_BNO055.o
                0x000000000000264c                Adafruit_BNO055::write8(Adafruit_BNO055::adafruit_bno055_reg_t, unsigned char)
 .text._ZN15Adafruit_BNO0555read8ENS_21adafruit_bno055_reg_tE
                0x000000000000269a       0x4c ./src/drivers/Adafruit_BNO055.o
                0x000000000000269a                Adafruit_BNO055::read8(Adafruit_BNO055::adafruit_bno055_reg_t)
 .text._ZN15Adafruit_BNO0557readLenENS_21adafruit_bno055_reg_tEPhh
                0x00000000000026e6       0x50 ./src/drivers/Adafruit_BNO055.o
                0x00000000000026e6                Adafruit_BNO055::readLen(Adafruit_BNO055::adafruit_bno055_reg_t, unsigned char*, unsigned char)
 .text._ZN3imu6VectorILh3EED2Ev
                0x0000000000002736       0x16 ./src/drivers/Adafruit_BNO055.o
                0x0000000000002736                imu::Vector<(unsigned char)3>::~Vector()
                0x0000000000002736                imu::Vector<(unsigned char)3>::~Vector()
 .text._ZN3imu6VectorILh3EE1xEv
                0x000000000000274c       0x16 ./src/drivers/Adafruit_BNO055.o
                0x000000000000274c                imu::Vector<(unsigned char)3>::x()
 .text._ZN3imu6VectorILh3EE1yEv
                0x0000000000002762       0x18 ./src/drivers/Adafruit_BNO055.o
                0x0000000000002762                imu::Vector<(unsigned char)3>::y()
 .text._ZN3imu6VectorILh3EE1zEv
                0x000000000000277a       0x18 ./src/drivers/Adafruit_BNO055.o
                0x000000000000277a                imu::Vector<(unsigned char)3>::z()
 .text._ZN3imu6VectorILh3EEC2Ev
                0x0000000000002792       0x1e ./src/drivers/Adafruit_BNO055.o
                0x0000000000002792                imu::Vector<(unsigned char)3>::Vector()
                0x0000000000002792                imu::Vector<(unsigned char)3>::Vector()
 .text._ZN3imu6VectorILh3EEixEi
                0x00000000000027b0       0x1e ./src/drivers/Adafruit_BNO055.o
                0x00000000000027b0                imu::Vector<(unsigned char)3>::operator[](int)
 *fill*         0x00000000000027ce        0x2 
 .text._ZN15Adafruit_BNO055D2Ev
                0x00000000000027d0       0x24 ./src/drivers/Adafruit_BNO055.o
                0x00000000000027d0                Adafruit_BNO055::~Adafruit_BNO055()
                0x00000000000027d0                Adafruit_BNO055::~Adafruit_BNO055()
 .text._ZN15Adafruit_BNO055D0Ev
                0x00000000000027f4       0x20 ./src/drivers/Adafruit_BNO055.o
                0x00000000000027f4                Adafruit_BNO055::~Adafruit_BNO055()
 .text.ms5607_02ba03_init
                0x0000000000002814       0x48 ./src/drivers/ms5607-02ba03.o
                0x0000000000002814                ms5607_02ba03_init
 .text.ms5607_02ba03_reset
                0x000000000000285c       0x8c ./src/drivers/ms5607-02ba03.o
                0x000000000000285c                ms5607_02ba03_reset
 .text.ms5607_02ba03_read_prom
                0x00000000000028e8       0xa4 ./src/drivers/ms5607-02ba03.o
                0x00000000000028e8                ms5607_02ba03_read_prom
 .text.ms5607_02ba03_d1_convert
                0x000000000000298c       0x3c ./src/drivers/ms5607-02ba03.o
                0x000000000000298c                ms5607_02ba03_d1_convert
 .text.ms5607_02ba03_d2_convert
                0x00000000000029c8       0x3c ./src/drivers/ms5607-02ba03.o
                0x00000000000029c8                ms5607_02ba03_d2_convert
 .text.ms5607_02ba03_read_data
                0x0000000000002a04       0x3c ./src/drivers/ms5607-02ba03.o
                0x0000000000002a04                ms5607_02ba03_read_data
 .text.get_data_from_buffer24
                0x0000000000002a40       0x34 ./src/drivers/ms5607-02ba03.o
 .text.ms5607_02ba03_run
                0x0000000000002a74      0x1f0 ./src/drivers/ms5607-02ba03.o
                0x0000000000002a74                ms5607_02ba03_run
 .text.ms5607_02ba03_calculate_temp
                0x0000000000002c64       0x48 ./src/drivers/ms5607-02ba03.o
                0x0000000000002c64                ms5607_02ba03_calculate_temp
 .text.ms5607_02ba03_calculate_press
                0x0000000000002cac      0x114 ./src/drivers/ms5607-02ba03.o
                0x0000000000002cac                ms5607_02ba03_calculate_press
 .text.ms5607_02ba03_get_data
                0x0000000000002dc0       0x28 ./src/drivers/ms5607-02ba03.o
                0x0000000000002dc0                ms5607_02ba03_get_data
 .text._ZN15Adafruit_BNO0556setBusEP11I2C_Config_
                0x0000000000002de8       0x1c ./src/tasks/IMUTask.o
                0x0000000000002de8                Adafruit_BNO055::setBus(I2C_Config_*)
 .text.init_imu_task
                0x0000000000002e04       0x8c ./src/tasks/IMUTask.o
                0x0000000000002e04                init_imu_task
 .text.IMUTask  0x0000000000002e90       0xd4 ./src/tasks/IMUTask.o
                0x0000000000002e90                IMUTask
 .text._Z41__static_initialization_and_destruction_0ii
                0x0000000000002f64       0x48 ./src/tasks/IMUTask.o
 .text._GLOBAL__sub_I_imuI2CHandle
                0x0000000000002fac       0x10 ./src/tasks/IMUTask.o
 .text.mainThread
                0x0000000000002fbc       0x64 ./src/tasks/appMain.o
                0x0000000000002fbc                mainThread
 .text.init_sensor_task
                0x0000000000003020       0x74 ./src/tasks/sensorTask.o
                0x0000000000003020                init_sensor_task
 .text.sensor_task_func
                0x0000000000003094       0x74 ./src/tasks/sensorTask.o
                0x0000000000003094                sensor_task_func
 .text.sensor_spi_transfer
                0x0000000000003108       0x68 ./src/tasks/sensorTask.o
                0x0000000000003108                sensor_spi_transfer
 .text.sensorSPICallbackFunction
                0x0000000000003170       0x34 ./src/tasks/sensorTask.o
 .text.debug_printf
                0x00000000000031a4       0x48 ./src/utils/debug_printf.o
                0x00000000000031a4                debug_printf
 .text.timespec_compare
                0x00000000000031ec       0x94 ./src/utils/timeUtils.o
                0x00000000000031ec                timespec_compare
 .text.__aeabi_atexit
                0x0000000000003280        0xa /Users/makiah/ti/ccsv7/tools/compiler/gcc-arm-none-eabi-6-2017-q1-update/bin/../lib/gcc/arm-none-eabi/6.3.1/../../../../arm-none-eabi/lib/thumb/v7e-m/fpv4-sp/hard/libstdc++_nano.a(atexit_arm.o)
                0x0000000000003280                __aeabi_atexit
 .text._ZNK10__cxxabiv117__class_type_info11__do_upcastEPKS0_PPv
                0x000000000000328a       0x34 /Users/makiah/ti/ccsv7/tools/compiler/gcc-arm-none-eabi-6-2017-q1-update/bin/../lib/gcc/arm-none-eabi/6.3.1/../../../../arm-none-eabi/lib/thumb/v7e-m/fpv4-sp/hard/libstdc++_nano.a(class_type_info.o)
                0x000000000000328a                __cxxabiv1::__class_type_info::__do_upcast(__cxxabiv1::__class_type_info const*, void**) const
 .text._ZNK10__cxxabiv117__class_type_info20__do_find_public_srcEiPKvPKS0_S2_
                0x00000000000032be        0xc /Users/makiah/ti/ccsv7/tools/compiler/gcc-arm-none-eabi-6-2017-q1-update/bin/../lib/gcc/arm-none-eabi/6.3.1/../../../../arm-none-eabi/lib/thumb/v7e-m/fpv4-sp/hard/libstdc++_nano.a(class_type_info.o)
                0x00000000000032be                __cxxabiv1::__class_type_info::__do_find_public_src(int, void const*, __cxxabiv1::__class_type_info const*, void const*) const
 *fill*         0x00000000000032ca        0x2 
 .text._ZN10__cxxabiv117__class_type_infoD2Ev
                0x00000000000032cc       0x14 /Users/makiah/ti/ccsv7/tools/compiler/gcc-arm-none-eabi-6-2017-q1-update/bin/../lib/gcc/arm-none-eabi/6.3.1/../../../../arm-none-eabi/lib/thumb/v7e-m/fpv4-sp/hard/libstdc++_nano.a(class_type_info.o)
                0x00000000000032cc                __cxxabiv1::__class_type_info::~__class_type_info()
                0x00000000000032cc                __cxxabiv1::__class_type_info::~__class_type_info()
 .text._ZN10__cxxabiv117__class_type_infoD0Ev
                0x00000000000032e0       0x14 /Users/makiah/ti/ccsv7/tools/compiler/gcc-arm-none-eabi-6-2017-q1-update/bin/../lib/gcc/arm-none-eabi/6.3.1/../../../../arm-none-eabi/lib/thumb/v7e-m/fpv4-sp/hard/libstdc++_nano.a(class_type_info.o)
                0x00000000000032e0                __cxxabiv1::__class_type_info::~__class_type_info()
 .text._ZNK10__cxxabiv117__class_type_info11__do_upcastEPKS0_PKvRNS0_15__upcast_resultE
                0x00000000000032f4       0x18 /Users/makiah/ti/ccsv7/tools/compiler/gcc-arm-none-eabi-6-2017-q1-update/bin/../lib/gcc/arm-none-eabi/6.3.1/../../../../arm-none-eabi/lib/thumb/v7e-m/fpv4-sp/hard/libstdc++_nano.a(class_type_info.o)
                0x00000000000032f4                __cxxabiv1::__class_type_info::__do_upcast(__cxxabiv1::__class_type_info const*, void const*, __cxxabiv1::__class_type_info::__upcast_result&) const
 .text._ZNK10__cxxabiv117__class_type_info10__do_catchEPKSt9type_infoPPvj
                0x000000000000330c       0x2a /Users/makiah/ti/ccsv7/tools/compiler/gcc-arm-none-eabi-6-2017-q1-update/bin/../lib/gcc/arm-none-eabi/6.3.1/../../../../arm-none-eabi/lib/thumb/v7e-m/fpv4-sp/hard/libstdc++_nano.a(class_type_info.o)
                0x000000000000330c                __cxxabiv1::__class_type_info::__do_catch(std::type_info const*, void**, unsigned int) const
 .text._ZNK10__cxxabiv117__class_type_info12__do_dyncastEiNS0_10__sub_kindEPKS0_PKvS3_S5_RNS0_16__dyncast_resultE
                0x0000000000003336       0x38 /Users/makiah/ti/ccsv7/tools/compiler/gcc-arm-none-eabi-6-2017-q1-update/bin/../lib/gcc/arm-none-eabi/6.3.1/../../../../arm-none-eabi/lib/thumb/v7e-m/fpv4-sp/hard/libstdc++_nano.a(class_type_info.o)
                0x0000000000003336                __cxxabiv1::__class_type_info::__do_dyncast(int, __cxxabiv1::__class_type_info::__sub_kind, __cxxabiv1::__class_type_info const*, void const*, __cxxabiv1::__class_type_info const*, void const*, __cxxabiv1::__class_type_info::__dyncast_result&) const
 .text._ZdlPvj  0x000000000000336e        0x4 /Users/makiah/ti/ccsv7/tools/compiler/gcc-arm-none-eabi-6-2017-q1-update/bin/../lib/gcc/arm-none-eabi/6.3.1/../../../../arm-none-eabi/lib/thumb/v7e-m/fpv4-sp/hard/libstdc++_nano.a(del_ops.o)
                0x000000000000336e                operator delete(void*, unsigned int)
 .text.__cxa_end_cleanup
                0x0000000000003372        0xc /Users/makiah/ti/ccsv7/tools/compiler/gcc-arm-none-eabi-6-2017-q1-update/bin/../lib/gcc/arm-none-eabi/6.3.1/../../../../arm-none-eabi/lib/thumb/v7e-m/fpv4-sp/hard/libstdc++_nano.a(eh_arm.o)
                0x0000000000003372                __cxa_end_cleanup
 .text._ZN10__cxxabiv1L24__is_gxx_exception_classEPc
                0x000000000000337e       0x3a /Users/makiah/ti/ccsv7/tools/compiler/gcc-arm-none-eabi-6-2017-q1-update/bin/../lib/gcc/arm-none-eabi/6.3.1/../../../../arm-none-eabi/lib/thumb/v7e-m/fpv4-sp/hard/libstdc++_nano.a(eh_arm.o)
 .text.__cxa_type_match
                0x00000000000033b8       0xbc /Users/makiah/ti/ccsv7/tools/compiler/gcc-arm-none-eabi-6-2017-q1-update/bin/../lib/gcc/arm-none-eabi/6.3.1/../../../../arm-none-eabi/lib/thumb/v7e-m/fpv4-sp/hard/libstdc++_nano.a(eh_arm.o)
                0x00000000000033b8                __cxa_type_match
 .text.__cxa_begin_cleanup
                0x0000000000003474       0x3a /Users/makiah/ti/ccsv7/tools/compiler/gcc-arm-none-eabi-6-2017-q1-update/bin/../lib/gcc/arm-none-eabi/6.3.1/../../../../arm-none-eabi/lib/thumb/v7e-m/fpv4-sp/hard/libstdc++_nano.a(eh_arm.o)
                0x0000000000003474                __cxa_begin_cleanup
 .text.__gnu_end_cleanup
                0x00000000000034ae       0x32 /Users/makiah/ti/ccsv7/tools/compiler/gcc-arm-none-eabi-6-2017-q1-update/bin/../lib/gcc/arm-none-eabi/6.3.1/../../../../arm-none-eabi/lib/thumb/v7e-m/fpv4-sp/hard/libstdc++_nano.a(eh_arm.o)
                0x00000000000034ae                __gnu_end_cleanup
 .text.__cxa_get_globals
                0x00000000000034e0        0x8 /Users/makiah/ti/ccsv7/tools/compiler/gcc-arm-none-eabi-6-2017-q1-update/bin/../lib/gcc/arm-none-eabi/6.3.1/../../../../arm-none-eabi/lib/thumb/v7e-m/fpv4-sp/hard/libstdc++_nano.a(eh_globals.o)
                0x00000000000034e0                __cxa_get_globals
 .text._ZL12read_uleb128PKhPm
                0x00000000000034e8       0x22 /Users/makiah/ti/ccsv7/tools/compiler/gcc-arm-none-eabi-6-2017-q1-update/bin/../lib/gcc/arm-none-eabi/6.3.1/../../../../arm-none-eabi/lib/thumb/v7e-m/fpv4-sp/hard/libstdc++_nano.a(eh_personality.o)
 .text._ZL12read_sleb128PKhPl
                0x000000000000350a       0x30 /Users/makiah/ti/ccsv7/tools/compiler/gcc-arm-none-eabi-6-2017-q1-update/bin/../lib/gcc/arm-none-eabi/6.3.1/../../../../arm-none-eabi/lib/thumb/v7e-m/fpv4-sp/hard/libstdc++_nano.a(eh_personality.o)
 .text._ZL28read_encoded_value_with_basehjPKhPj
                0x000000000000353a       0x88 /Users/makiah/ti/ccsv7/tools/compiler/gcc-arm-none-eabi-6-2017-q1-update/bin/../lib/gcc/arm-none-eabi/6.3.1/../../../../arm-none-eabi/lib/thumb/v7e-m/fpv4-sp/hard/libstdc++_nano.a(eh_personality.o)
 .text._ZL21base_of_encoded_valuehP15_Unwind_Context
                0x00000000000035c2       0x46 /Users/makiah/ti/ccsv7/tools/compiler/gcc-arm-none-eabi-6-2017-q1-update/bin/../lib/gcc/arm-none-eabi/6.3.1/../../../../arm-none-eabi/lib/thumb/v7e-m/fpv4-sp/hard/libstdc++_nano.a(eh_personality.o)
 .text._ZL18read_encoded_valueP15_Unwind_ContexthPKhPj
                0x0000000000003608       0x20 /Users/makiah/ti/ccsv7/tools/compiler/gcc-arm-none-eabi-6-2017-q1-update/bin/../lib/gcc/arm-none-eabi/6.3.1/../../../../arm-none-eabi/lib/thumb/v7e-m/fpv4-sp/hard/libstdc++_nano.a(eh_personality.o)
 .text._ZL17parse_lsda_headerP15_Unwind_ContextPKhP16lsda_header_info
                0x0000000000003628       0x60 /Users/makiah/ti/ccsv7/tools/compiler/gcc-arm-none-eabi-6-2017-q1-update/bin/../lib/gcc/arm-none-eabi/6.3.1/../../../../arm-none-eabi/lib/thumb/v7e-m/fpv4-sp/hard/libstdc++_nano.a(eh_personality.o)
 .text._Unwind_GetGR
                0x0000000000003688       0x18 /Users/makiah/ti/ccsv7/tools/compiler/gcc-arm-none-eabi-6-2017-q1-update/bin/../lib/gcc/arm-none-eabi/6.3.1/../../../../arm-none-eabi/lib/thumb/v7e-m/fpv4-sp/hard/libstdc++_nano.a(eh_personality.o)
 .text.__gxx_personality_v0
                0x00000000000036a0      0x370 /Users/makiah/ti/ccsv7/tools/compiler/gcc-arm-none-eabi-6-2017-q1-update/bin/../lib/gcc/arm-none-eabi/6.3.1/../../../../arm-none-eabi/lib/thumb/v7e-m/fpv4-sp/hard/libstdc++_nano.a(eh_personality.o)
                0x00000000000036a0                __gxx_personality_v0
 .text._ZN10__cxxabiv111__terminateEPFvvE
                0x0000000000003a10        0x8 /Users/makiah/ti/ccsv7/tools/compiler/gcc-arm-none-eabi-6-2017-q1-update/bin/../lib/gcc/arm-none-eabi/6.3.1/../../../../arm-none-eabi/lib/thumb/v7e-m/fpv4-sp/hard/libstdc++_nano.a(eh_terminate.o)
                0x0000000000003a10                __cxxabiv1::__terminate(void (*)())
 .text._ZSt13get_terminatev
                0x0000000000003a18       0x10 /Users/makiah/ti/ccsv7/tools/compiler/gcc-arm-none-eabi-6-2017-q1-update/bin/../lib/gcc/arm-none-eabi/6.3.1/../../../../arm-none-eabi/lib/thumb/v7e-m/fpv4-sp/hard/libstdc++_nano.a(eh_terminate.o)
                0x0000000000003a18                std::get_terminate()
 .text._ZSt9terminatev
                0x0000000000003a28        0xa /Users/makiah/ti/ccsv7/tools/compiler/gcc-arm-none-eabi-6-2017-q1-update/bin/../lib/gcc/arm-none-eabi/6.3.1/../../../../arm-none-eabi/lib/thumb/v7e-m/fpv4-sp/hard/libstdc++_nano.a(eh_terminate.o)
                0x0000000000003a28                std::terminate()
 .text._ZN10__cxxabiv112__unexpectedEPFvvE
                0x0000000000003a32        0x8 /Users/makiah/ti/ccsv7/tools/compiler/gcc-arm-none-eabi-6-2017-q1-update/bin/../lib/gcc/arm-none-eabi/6.3.1/../../../../arm-none-eabi/lib/thumb/v7e-m/fpv4-sp/hard/libstdc++_nano.a(eh_terminate.o)
                0x0000000000003a32                __cxxabiv1::__unexpected(void (*)())
 *fill*         0x0000000000003a3a        0x2 
 .text._ZSt14get_unexpectedv
                0x0000000000003a3c       0x10 /Users/makiah/ti/ccsv7/tools/compiler/gcc-arm-none-eabi-6-2017-q1-update/bin/../lib/gcc/arm-none-eabi/6.3.1/../../../../arm-none-eabi/lib/thumb/v7e-m/fpv4-sp/hard/libstdc++_nano.a(eh_terminate.o)
                0x0000000000003a3c                std::get_unexpected()
 .text._ZSt10unexpectedv
                0x0000000000003a4c        0xa /Users/makiah/ti/ccsv7/tools/compiler/gcc-arm-none-eabi-6-2017-q1-update/bin/../lib/gcc/arm-none-eabi/6.3.1/../../../../arm-none-eabi/lib/thumb/v7e-m/fpv4-sp/hard/libstdc++_nano.a(eh_terminate.o)
                0x0000000000003a4c                std::unexpected()
 .text.__cxa_pure_virtual
                0x0000000000003a56        0x6 /Users/makiah/ti/ccsv7/tools/compiler/gcc-arm-none-eabi-6-2017-q1-update/bin/../lib/gcc/arm-none-eabi/6.3.1/../../../../arm-none-eabi/lib/thumb/v7e-m/fpv4-sp/hard/libstdc++_nano.a(pure.o)
                0x0000000000003a56                __cxa_pure_virtual
 .text._ZN10__cxxabiv120__si_class_type_infoD2Ev
                0x0000000000003a5c       0x14 /Users/makiah/ti/ccsv7/tools/compiler/gcc-arm-none-eabi-6-2017-q1-update/bin/../lib/gcc/arm-none-eabi/6.3.1/../../../../arm-none-eabi/lib/thumb/v7e-m/fpv4-sp/hard/libstdc++_nano.a(si_class_type_info.o)
                0x0000000000003a5c                __cxxabiv1::__si_class_type_info::~__si_class_type_info()
                0x0000000000003a5c                __cxxabiv1::__si_class_type_info::~__si_class_type_info()
 .text._ZN10__cxxabiv120__si_class_type_infoD0Ev
                0x0000000000003a70       0x14 /Users/makiah/ti/ccsv7/tools/compiler/gcc-arm-none-eabi-6-2017-q1-update/bin/../lib/gcc/arm-none-eabi/6.3.1/../../../../arm-none-eabi/lib/thumb/v7e-m/fpv4-sp/hard/libstdc++_nano.a(si_class_type_info.o)
                0x0000000000003a70                __cxxabiv1::__si_class_type_info::~__si_class_type_info()
 .text._ZNK10__cxxabiv120__si_class_type_info20__do_find_public_srcEiPKvPKNS_17__class_type_infoES2_
                0x0000000000003a84       0x38 /Users/makiah/ti/ccsv7/tools/compiler/gcc-arm-none-eabi-6-2017-q1-update/bin/../lib/gcc/arm-none-eabi/6.3.1/../../../../arm-none-eabi/lib/thumb/v7e-m/fpv4-sp/hard/libstdc++_nano.a(si_class_type_info.o)
                0x0000000000003a84                __cxxabiv1::__si_class_type_info::__do_find_public_src(int, void const*, __cxxabiv1::__class_type_info const*, void const*) const
 .text._ZNK10__cxxabiv120__si_class_type_info12__do_dyncastEiNS_17__class_type_info10__sub_kindEPKS1_PKvS4_S6_RNS1_16__dyncast_resultE
                0x0000000000003abc       0x7c /Users/makiah/ti/ccsv7/tools/compiler/gcc-arm-none-eabi-6-2017-q1-update/bin/../lib/gcc/arm-none-eabi/6.3.1/../../../../arm-none-eabi/lib/thumb/v7e-m/fpv4-sp/hard/libstdc++_nano.a(si_class_type_info.o)
                0x0000000000003abc                __cxxabiv1::__si_class_type_info::__do_dyncast(int, __cxxabiv1::__class_type_info::__sub_kind, __cxxabiv1::__class_type_info const*, void const*, __cxxabiv1::__class_type_info const*, void const*, __cxxabiv1::__class_type_info::__dyncast_result&) const
 .text._ZNK10__cxxabiv120__si_class_type_info11__do_upcastEPKNS_17__class_type_infoEPKvRNS1_15__upcast_resultE
                0x0000000000003b38       0x2a /Users/makiah/ti/ccsv7/tools/compiler/gcc-arm-none-eabi-6-2017-q1-update/bin/../lib/gcc/arm-none-eabi/6.3.1/../../../../arm-none-eabi/lib/thumb/v7e-m/fpv4-sp/hard/libstdc++_nano.a(si_class_type_info.o)
                0x0000000000003b38                __cxxabiv1::__si_class_type_info::__do_upcast(__cxxabiv1::__class_type_info const*, void const*, __cxxabiv1::__class_type_info::__upcast_result&) const
 .text._ZNSt9type_infoD2Ev
                0x0000000000003b62        0x2 /Users/makiah/ti/ccsv7/tools/compiler/gcc-arm-none-eabi-6-2017-q1-update/bin/../lib/gcc/arm-none-eabi/6.3.1/../../../../arm-none-eabi/lib/thumb/v7e-m/fpv4-sp/hard/libstdc++_nano.a(tinfo.o)
                0x0000000000003b62                std::type_info::~type_info()
                0x0000000000003b62                std::type_info::~type_info()
 .text._ZNKSt9type_info15__is_function_pEv
                0x0000000000003b64        0x4 /Users/makiah/ti/ccsv7/tools/compiler/gcc-arm-none-eabi-6-2017-q1-update/bin/../lib/gcc/arm-none-eabi/6.3.1/../../../../arm-none-eabi/lib/thumb/v7e-m/fpv4-sp/hard/libstdc++_nano.a(tinfo.o)
                0x0000000000003b64                std::type_info::__is_function_p() const
                0x0000000000003b64                std::type_info::__is_pointer_p() const
 .text._ZNKSt9type_infoeqERKS_
                0x0000000000003b68       0x2c /Users/makiah/ti/ccsv7/tools/compiler/gcc-arm-none-eabi-6-2017-q1-update/bin/../lib/gcc/arm-none-eabi/6.3.1/../../../../arm-none-eabi/lib/thumb/v7e-m/fpv4-sp/hard/libstdc++_nano.a(tinfo.o)
                0x0000000000003b68                std::type_info::operator==(std::type_info const&) const
 .text._ZdlPv   0x0000000000003b94        0x4 /Users/makiah/ti/ccsv7/tools/compiler/gcc-arm-none-eabi-6-2017-q1-update/bin/../lib/gcc/arm-none-eabi/6.3.1/../../../../arm-none-eabi/lib/thumb/v7e-m/fpv4-sp/hard/libstdc++_nano.a(del_op.o)
                0x0000000000003b94                operator delete(void*)
 .text._ZN10__cxxabiv1L24__is_gxx_exception_classEPc
                0x0000000000003b98       0x3a /Users/makiah/ti/ccsv7/tools/compiler/gcc-arm-none-eabi-6-2017-q1-update/bin/../lib/gcc/arm-none-eabi/6.3.1/../../../../arm-none-eabi/lib/thumb/v7e-m/fpv4-sp/hard/libstdc++_nano.a(eh_call.o)
 .text.__cxa_call_terminate
                0x0000000000003bd2       0x1e /Users/makiah/ti/ccsv7/tools/compiler/gcc-arm-none-eabi-6-2017-q1-update/bin/../lib/gcc/arm-none-eabi/6.3.1/../../../../arm-none-eabi/lib/thumb/v7e-m/fpv4-sp/hard/libstdc++_nano.a(eh_call.o)
                0x0000000000003bd2                __cxa_call_terminate
 .text.__cxa_call_unexpected
                0x0000000000003bf0       0x28 /Users/makiah/ti/ccsv7/tools/compiler/gcc-arm-none-eabi-6-2017-q1-update/bin/../lib/gcc/arm-none-eabi/6.3.1/../../../../arm-none-eabi/lib/thumb/v7e-m/fpv4-sp/hard/libstdc++_nano.a(eh_call.o)
                0x0000000000003bf0                __cxa_call_unexpected
 .text._ZN10__cxxabiv1L24__is_gxx_exception_classEPc
                0x0000000000003c18       0x3a /Users/makiah/ti/ccsv7/tools/compiler/gcc-arm-none-eabi-6-2017-q1-update/bin/../lib/gcc/arm-none-eabi/6.3.1/../../../../arm-none-eabi/lib/thumb/v7e-m/fpv4-sp/hard/libstdc++_nano.a(eh_catch.o)
 .text.__cxa_begin_catch
                0x0000000000003c52       0x54 /Users/makiah/ti/ccsv7/tools/compiler/gcc-arm-none-eabi-6-2017-q1-update/bin/../lib/gcc/arm-none-eabi/6.3.1/../../../../arm-none-eabi/lib/thumb/v7e-m/fpv4-sp/hard/libstdc++_nano.a(eh_catch.o)
                0x0000000000003c52                __cxa_begin_catch
 .text.abort    0x0000000000003ca6        0xe /Users/makiah/ti/ccsv7/tools/compiler/gcc-arm-none-eabi-6-2017-q1-update/bin/../lib/gcc/arm-none-eabi/6.3.1/../../../../arm-none-eabi/lib/thumb/v7e-m/fpv4-sp/hard/libc_nano.a(lib_a-abort.o)
                0x0000000000003ca6                abort
 .text.__cxa_atexit
                0x0000000000003cb4       0x1c /Users/makiah/ti/ccsv7/tools/compiler/gcc-arm-none-eabi-6-2017-q1-update/bin/../lib/gcc/arm-none-eabi/6.3.1/../../../../arm-none-eabi/lib/thumb/v7e-m/fpv4-sp/hard/libc_nano.a(lib_a-cxa_atexit.o)
                0x0000000000003cb4                __cxa_atexit
 .text.free     0x0000000000003cd0       0x10 /Users/makiah/ti/ccsv7/tools/compiler/gcc-arm-none-eabi-6-2017-q1-update/bin/../lib/gcc/arm-none-eabi/6.3.1/../../../../arm-none-eabi/lib/thumb/v7e-m/fpv4-sp/hard/libc_nano.a(lib_a-malloc.o)
                0x0000000000003cd0                free
 .text.memset   0x0000000000003ce0       0x10 /Users/makiah/ti/ccsv7/tools/compiler/gcc-arm-none-eabi-6-2017-q1-update/bin/../lib/gcc/arm-none-eabi/6.3.1/../../../../arm-none-eabi/lib/thumb/v7e-m/fpv4-sp/hard/libc_nano.a(lib_a-memset.o)
                0x0000000000003ce0                memset
 .text._free_r  0x0000000000003cf0       0x9c /Users/makiah/ti/ccsv7/tools/compiler/gcc-arm-none-eabi-6-2017-q1-update/bin/../lib/gcc/arm-none-eabi/6.3.1/../../../../arm-none-eabi/lib/thumb/v7e-m/fpv4-sp/hard/libc_nano.a(lib_a-nano-freer.o)
                0x0000000000003cf0                _free_r
 .text._raise_r
                0x0000000000003d8c       0x50 /Users/makiah/ti/ccsv7/tools/compiler/gcc-arm-none-eabi-6-2017-q1-update/bin/../lib/gcc/arm-none-eabi/6.3.1/../../../../arm-none-eabi/lib/thumb/v7e-m/fpv4-sp/hard/libc_nano.a(lib_a-signal.o)
                0x0000000000003d8c                _raise_r
 .text.raise    0x0000000000003ddc       0x10 /Users/makiah/ti/ccsv7/tools/compiler/gcc-arm-none-eabi-6-2017-q1-update/bin/../lib/gcc/arm-none-eabi/6.3.1/../../../../arm-none-eabi/lib/thumb/v7e-m/fpv4-sp/hard/libc_nano.a(lib_a-signal.o)
                0x0000000000003ddc                raise
 .text._kill_r  0x0000000000003dec       0x24 /Users/makiah/ti/ccsv7/tools/compiler/gcc-arm-none-eabi-6-2017-q1-update/bin/../lib/gcc/arm-none-eabi/6.3.1/../../../../arm-none-eabi/lib/thumb/v7e-m/fpv4-sp/hard/libc_nano.a(lib_a-signalr.o)
                0x0000000000003dec                _kill_r
 .text._getpid_r
                0x0000000000003e10        0x4 /Users/makiah/ti/ccsv7/tools/compiler/gcc-arm-none-eabi-6-2017-q1-update/bin/../lib/gcc/arm-none-eabi/6.3.1/../../../../arm-none-eabi/lib/thumb/v7e-m/fpv4-sp/hard/libc_nano.a(lib_a-signalr.o)
                0x0000000000003e10                _getpid_r
 .text.strncpy  0x0000000000003e14       0x2a /Users/makiah/ti/ccsv7/tools/compiler/gcc-arm-none-eabi-6-2017-q1-update/bin/../lib/gcc/arm-none-eabi/6.3.1/../../../../arm-none-eabi/lib/thumb/v7e-m/fpv4-sp/hard/libc_nano.a(lib_a-strncpy.o)
                0x0000000000003e14                strncpy
 .text.__malloc_lock
                0x0000000000003e3e        0x2 /Users/makiah/ti/ccsv7/tools/compiler/gcc-arm-none-eabi-6-2017-q1-update/bin/../lib/gcc/arm-none-eabi/6.3.1/../../../../arm-none-eabi/lib/thumb/v7e-m/fpv4-sp/hard/libc_nano.a(lib_a-mlock.o)
                0x0000000000003e3e                __malloc_lock
 .text.__malloc_unlock
                0x0000000000003e40        0x2 /Users/makiah/ti/ccsv7/tools/compiler/gcc-arm-none-eabi-6-2017-q1-update/bin/../lib/gcc/arm-none-eabi/6.3.1/../../../../arm-none-eabi/lib/thumb/v7e-m/fpv4-sp/hard/libc_nano.a(lib_a-mlock.o)
                0x0000000000003e40                __malloc_unlock
 .text.cleanup_glue
                0x0000000000003e42       0x1a /Users/makiah/ti/ccsv7/tools/compiler/gcc-arm-none-eabi-6-2017-q1-update/bin/../lib/gcc/arm-none-eabi/6.3.1/../../../../arm-none-eabi/lib/thumb/v7e-m/fpv4-sp/hard/libc_nano.a(lib_a-reent.o)
                0x0000000000003e42                cleanup_glue
 .text._reclaim_reent
                0x0000000000003e5c       0xb8 /Users/makiah/ti/ccsv7/tools/compiler/gcc-arm-none-eabi-6-2017-q1-update/bin/../lib/gcc/arm-none-eabi/6.3.1/../../../../arm-none-eabi/lib/thumb/v7e-m/fpv4-sp/hard/libc_nano.a(lib_a-reent.o)
                0x0000000000003e5c                _reclaim_reent
 .text.Display_doOpen
                0x0000000000003f14       0x60 /Users/makiah/ti/simplelink_msp432p4_sdk_1_60_00_12/source/ti/display/lib/display.am4fg(Display.om4fg)
                0x0000000000003f14                Display_doOpen
 .text.Display_doPrintf
                0x0000000000003f74       0x20 /Users/makiah/ti/simplelink_msp432p4_sdk_1_60_00_12/source/ti/display/lib/display.am4fg(Display.om4fg)
                0x0000000000003f74                Display_doPrintf
 .text.Display_doInit
                0x0000000000003f94       0x28 /Users/makiah/ti/simplelink_msp432p4_sdk_1_60_00_12/source/ti/display/lib/display.am4fg(Display.om4fg)
                0x0000000000003f94                Display_doInit
 .text.DisplayUartMin_clear
                0x0000000000003fbc        0x4 /Users/makiah/ti/simplelink_msp432p4_sdk_1_60_00_12/source/ti/display/lib/display.am4fg(DisplayUart.om4fg)
                0x0000000000003fbc                DisplayUartMin_clear
 .text.DisplayUartMin_clearLines
                0x0000000000003fc0        0x4 /Users/makiah/ti/simplelink_msp432p4_sdk_1_60_00_12/source/ti/display/lib/display.am4fg(DisplayUart.om4fg)
                0x0000000000003fc0                DisplayUartMin_clearLines
 .text.DisplayUartMin_getType
                0x0000000000003fc4        0x8 /Users/makiah/ti/simplelink_msp432p4_sdk_1_60_00_12/source/ti/display/lib/display.am4fg(DisplayUart.om4fg)
                0x0000000000003fc4                DisplayUartMin_getType
 .text.DisplayUartMin_open
                0x0000000000003fcc       0x48 /Users/makiah/ti/simplelink_msp432p4_sdk_1_60_00_12/source/ti/display/lib/display.am4fg(DisplayUart.om4fg)
                0x0000000000003fcc                DisplayUartMin_open
 .text.DisplayUartMin_vprintf
                0x0000000000004014       0x4c /Users/makiah/ti/simplelink_msp432p4_sdk_1_60_00_12/source/ti/display/lib/display.am4fg(DisplayUart.om4fg)
                0x0000000000004014                DisplayUartMin_vprintf
 .text.DisplayUartAnsi_close
                0x0000000000004060       0x18 /Users/makiah/ti/simplelink_msp432p4_sdk_1_60_00_12/source/ti/display/lib/display.am4fg(DisplayUart.om4fg)
                0x0000000000004060                DisplayUartAnsi_close
 .text.DisplayUartMin_close
                0x0000000000004078        0x4 /Users/makiah/ti/simplelink_msp432p4_sdk_1_60_00_12/source/ti/display/lib/display.am4fg(DisplayUart.om4fg)
                0x0000000000004078                DisplayUartMin_close
 .text.DisplayUartMin_control
                0x000000000000407c        0x8 /Users/makiah/ti/simplelink_msp432p4_sdk_1_60_00_12/source/ti/display/lib/display.am4fg(DisplayUart.om4fg)
                0x000000000000407c                DisplayUartMin_control
 .text.DisplayUartMin_init
                0x0000000000004084        0x4 /Users/makiah/ti/simplelink_msp432p4_sdk_1_60_00_12/source/ti/display/lib/display.am4fg(DisplayUart.om4fg)
                0x0000000000004084                DisplayUartMin_init
 .text.UDMAMSP432_hwiFxn
                0x0000000000004088       0x54 /Users/makiah/ti/simplelink_msp432p4_sdk_1_60_00_12/source/ti/drivers/lib/drivers_msp432p401x.am4fg(UDMAMSP432.om4fg)
 .text.UDMAMSP432_close
                0x00000000000040dc       0xac /Users/makiah/ti/simplelink_msp432p4_sdk_1_60_00_12/source/ti/drivers/lib/drivers_msp432p401x.am4fg(UDMAMSP432.om4fg)
                0x00000000000040dc                UDMAMSP432_close
 .text.UDMAMSP432_init
                0x0000000000004188       0x3c /Users/makiah/ti/simplelink_msp432p4_sdk_1_60_00_12/source/ti/drivers/lib/drivers_msp432p401x.am4fg(UDMAMSP432.om4fg)
                0x0000000000004188                UDMAMSP432_init
 .text.UDMAMSP432_setupInterrupt
                0x00000000000041c4      0x154 /Users/makiah/ti/simplelink_msp432p4_sdk_1_60_00_12/source/ti/drivers/lib/drivers_msp432p401x.am4fg(UDMAMSP432.om4fg)
                0x00000000000041c4                UDMAMSP432_setupInterrupt
 .text.UDMAMSP432_open
                0x0000000000004318       0xf0 /Users/makiah/ti/simplelink_msp432p4_sdk_1_60_00_12/source/ti/drivers/lib/drivers_msp432p401x.am4fg(UDMAMSP432.om4fg)
                0x0000000000004318                UDMAMSP432_open
 .text.GPIO_hwiIntFxn
                0x0000000000004408       0x64 /Users/makiah/ti/simplelink_msp432p4_sdk_1_60_00_12/source/ti/drivers/lib/drivers_msp432p401x.am4fg(GPIOMSP432.om4fg)
                0x0000000000004408                GPIO_hwiIntFxn
 .text.GPIO_setCallback
                0x000000000000446c       0x68 /Users/makiah/ti/simplelink_msp432p4_sdk_1_60_00_12/source/ti/drivers/lib/drivers_msp432p401x.am4fg(GPIOMSP432.om4fg)
                0x000000000000446c                GPIO_setCallback
 .text.GPIO_setConfig
                0x00000000000044d4      0x1a0 /Users/makiah/ti/simplelink_msp432p4_sdk_1_60_00_12/source/ti/drivers/lib/drivers_msp432p401x.am4fg(GPIOMSP432.om4fg)
                0x00000000000044d4                GPIO_setConfig
 .text.GPIO_init
                0x0000000000004674       0xd0 /Users/makiah/ti/simplelink_msp432p4_sdk_1_60_00_12/source/ti/drivers/lib/drivers_msp432p401x.am4fg(GPIOMSP432.om4fg)
                0x0000000000004674                GPIO_init
 .text.GPIO_toggle
                0x0000000000004744       0x40 /Users/makiah/ti/simplelink_msp432p4_sdk_1_60_00_12/source/ti/drivers/lib/drivers_msp432p401x.am4fg(GPIOMSP432.om4fg)
                0x0000000000004744                GPIO_toggle
 .text.GPIO_write
                0x0000000000004784       0x64 /Users/makiah/ti/simplelink_msp432p4_sdk_1_60_00_12/source/ti/drivers/lib/drivers_msp432p401x.am4fg(GPIOMSP432.om4fg)
                0x0000000000004784                GPIO_write
 .text.I2C_init
                0x00000000000047e8       0x4c /Users/makiah/ti/simplelink_msp432p4_sdk_1_60_00_12/source/ti/drivers/lib/drivers_msp432p401x.am4fg(I2C.om4fg)
                0x00000000000047e8                I2C_init
 .text.I2C_open
                0x0000000000004834       0x44 /Users/makiah/ti/simplelink_msp432p4_sdk_1_60_00_12/source/ti/drivers/lib/drivers_msp432p401x.am4fg(I2C.om4fg)
                0x0000000000004834                I2C_open
 .text.I2C_Params_init
                0x0000000000004878        0xc /Users/makiah/ti/simplelink_msp432p4_sdk_1_60_00_12/source/ti/drivers/lib/drivers_msp432p401x.am4fg(I2C.om4fg)
                0x0000000000004878                I2C_Params_init
 .text.I2C_transfer
                0x0000000000004884        0x8 /Users/makiah/ti/simplelink_msp432p4_sdk_1_60_00_12/source/ti/drivers/lib/drivers_msp432p401x.am4fg(I2C.om4fg)
                0x0000000000004884                I2C_transfer
 .text.I2CMSP432_control
                0x000000000000488c        0x8 /Users/makiah/ti/simplelink_msp432p4_sdk_1_60_00_12/source/ti/drivers/lib/drivers_msp432p401x.am4fg(I2CMSP432.om4fg)
                0x000000000000488c                I2CMSP432_control
 .text.I2CMSP432_init
                0x0000000000004894        0x4 /Users/makiah/ti/simplelink_msp432p4_sdk_1_60_00_12/source/ti/drivers/lib/drivers_msp432p401x.am4fg(I2CMSP432.om4fg)
                0x0000000000004894                I2CMSP432_init
 .text.I2CMSP432_close
                0x0000000000004898       0x70 /Users/makiah/ti/simplelink_msp432p4_sdk_1_60_00_12/source/ti/drivers/lib/drivers_msp432p401x.am4fg(I2CMSP432.om4fg)
                0x0000000000004898                I2CMSP432_close
 .text.blockingTransferCallback
                0x0000000000004908        0x8 /Users/makiah/ti/simplelink_msp432p4_sdk_1_60_00_12/source/ti/drivers/lib/drivers_msp432p401x.am4fg(I2CMSP432.om4fg)
 .text.initHw.isra.0
                0x0000000000004910       0x6c /Users/makiah/ti/simplelink_msp432p4_sdk_1_60_00_12/source/ti/drivers/lib/drivers_msp432p401x.am4fg(I2CMSP432.om4fg)
 .text.perfChangeNotifyFxn
                0x000000000000497c       0x48 /Users/makiah/ti/simplelink_msp432p4_sdk_1_60_00_12/source/ti/drivers/lib/drivers_msp432p401x.am4fg(I2CMSP432.om4fg)
 .text.I2CMSP432_cancel
                0x00000000000049c4       0xb8 /Users/makiah/ti/simplelink_msp432p4_sdk_1_60_00_12/source/ti/drivers/lib/drivers_msp432p401x.am4fg(I2CMSP432.om4fg)
                0x00000000000049c4                I2CMSP432_cancel
 .text.I2CMSP432_open
                0x0000000000004a7c      0x260 /Users/makiah/ti/simplelink_msp432p4_sdk_1_60_00_12/source/ti/drivers/lib/drivers_msp432p401x.am4fg(I2CMSP432.om4fg)
                0x0000000000004a7c                I2CMSP432_open
 .text.primeTransfer.isra.1
                0x0000000000004cdc       0x80 /Users/makiah/ti/simplelink_msp432p4_sdk_1_60_00_12/source/ti/drivers/lib/drivers_msp432p401x.am4fg(I2CMSP432.om4fg)
 .text.completeTransfer
                0x0000000000004d5c       0x48 /Users/makiah/ti/simplelink_msp432p4_sdk_1_60_00_12/source/ti/drivers/lib/drivers_msp432p401x.am4fg(I2CMSP432.om4fg)
 .text.I2CMSP432_hwiIntFxn
                0x0000000000004da4      0x188 /Users/makiah/ti/simplelink_msp432p4_sdk_1_60_00_12/source/ti/drivers/lib/drivers_msp432p401x.am4fg(I2CMSP432.om4fg)
                0x0000000000004da4                I2CMSP432_hwiIntFxn
 .text.I2CMSP432_transfer
                0x0000000000004f2c       0xa0 /Users/makiah/ti/simplelink_msp432p4_sdk_1_60_00_12/source/ti/drivers/lib/drivers_msp432p401x.am4fg(I2CMSP432.om4fg)
                0x0000000000004f2c                I2CMSP432_transfer
 .text.notify   0x0000000000004fcc       0x3c /Users/makiah/ti/simplelink_msp432p4_sdk_1_60_00_12/source/ti/drivers/lib/drivers_msp432p401x.am4fg(PowerMSP432.om4fg)
 .text.restartHFXT
                0x0000000000005008       0x88 /Users/makiah/ti/simplelink_msp432p4_sdk_1_60_00_12/source/ti/drivers/lib/drivers_msp432p401x.am4fg(PowerMSP432.om4fg)
 .text.Power_getConstraintMask
                0x0000000000005090        0xc /Users/makiah/ti/simplelink_msp432p4_sdk_1_60_00_12/source/ti/drivers/lib/drivers_msp432p401x.am4fg(PowerMSP432.om4fg)
                0x0000000000005090                Power_getConstraintMask
 .text.Power_getPerformanceLevel
                0x000000000000509c        0xc /Users/makiah/ti/simplelink_msp432p4_sdk_1_60_00_12/source/ti/drivers/lib/drivers_msp432p401x.am4fg(PowerMSP432.om4fg)
                0x000000000000509c                Power_getPerformanceLevel
 .text.Power_idleFunc
                0x00000000000050a8       0x14 /Users/makiah/ti/simplelink_msp432p4_sdk_1_60_00_12/source/ti/drivers/lib/drivers_msp432p401x.am4fg(PowerMSP432.om4fg)
                0x00000000000050a8                Power_idleFunc
 .text.Power_init
                0x00000000000050bc      0x348 /Users/makiah/ti/simplelink_msp432p4_sdk_1_60_00_12/source/ti/drivers/lib/drivers_msp432p401x.am4fg(PowerMSP432.om4fg)
                0x00000000000050bc                Power_init
 .text.Power_registerNotify
                0x0000000000005404       0x24 /Users/makiah/ti/simplelink_msp432p4_sdk_1_60_00_12/source/ti/drivers/lib/drivers_msp432p401x.am4fg(PowerMSP432.om4fg)
                0x0000000000005404                Power_registerNotify
 .text.Power_releaseConstraint
                0x0000000000005428       0x48 /Users/makiah/ti/simplelink_msp432p4_sdk_1_60_00_12/source/ti/drivers/lib/drivers_msp432p401x.am4fg(PowerMSP432.om4fg)
                0x0000000000005428                Power_releaseConstraint
 .text.Power_setConstraint
                0x0000000000005470       0x34 /Users/makiah/ti/simplelink_msp432p4_sdk_1_60_00_12/source/ti/drivers/lib/drivers_msp432p401x.am4fg(PowerMSP432.om4fg)
                0x0000000000005470                Power_setConstraint
 .text.Power_sleep
                0x00000000000054a4      0x428 /Users/makiah/ti/simplelink_msp432p4_sdk_1_60_00_12/source/ti/drivers/lib/drivers_msp432p401x.am4fg(PowerMSP432.om4fg)
                0x00000000000054a4                Power_sleep
 .text.Power_unregisterNotify
                0x00000000000058cc       0x20 /Users/makiah/ti/simplelink_msp432p4_sdk_1_60_00_12/source/ti/drivers/lib/drivers_msp432p401x.am4fg(PowerMSP432.om4fg)
                0x00000000000058cc                Power_unregisterNotify
 .text.PowerMSP432_getFreqs
                0x00000000000058ec       0x5c /Users/makiah/ti/simplelink_msp432p4_sdk_1_60_00_12/source/ti/drivers/lib/drivers_msp432p401x.am4fg(PowerMSP432.om4fg)
                0x00000000000058ec                PowerMSP432_getFreqs
 .text.PowerMSP432_getNumPerfLevels
                0x0000000000005948        0xc /Users/makiah/ti/simplelink_msp432p4_sdk_1_60_00_12/source/ti/drivers/lib/drivers_msp432p401x.am4fg(PowerMSP432.om4fg)
                0x0000000000005948                PowerMSP432_getNumPerfLevels
 .text.SPI_init
                0x0000000000005954       0x4c /Users/makiah/ti/simplelink_msp432p4_sdk_1_60_00_12/source/ti/drivers/lib/drivers_msp432p401x.am4fg(SPI.om4fg)
                0x0000000000005954                SPI_init
 .text.SPI_open
                0x00000000000059a0       0x44 /Users/makiah/ti/simplelink_msp432p4_sdk_1_60_00_12/source/ti/drivers/lib/drivers_msp432p401x.am4fg(SPI.om4fg)
                0x00000000000059a0                SPI_open
 .text.SPI_Params_init
                0x00000000000059e4       0x1c /Users/makiah/ti/simplelink_msp432p4_sdk_1_60_00_12/source/ti/drivers/lib/drivers_msp432p401x.am4fg(SPI.om4fg)
                0x00000000000059e4                SPI_Params_init
 .text.SPI_transfer
                0x0000000000005a00        0x8 /Users/makiah/ti/simplelink_msp432p4_sdk_1_60_00_12/source/ti/drivers/lib/drivers_msp432p401x.am4fg(SPI.om4fg)
                0x0000000000005a00                SPI_transfer
 .text.SPIMSP432DMA_control
                0x0000000000005a08        0x8 /Users/makiah/ti/simplelink_msp432p4_sdk_1_60_00_12/source/ti/drivers/lib/drivers_msp432p401x.am4fg(SPIMSP432DMA.om4fg)
                0x0000000000005a08                SPIMSP432DMA_control
 .text.SPIMSP432DMA_close
                0x0000000000005a10       0x6c /Users/makiah/ti/simplelink_msp432p4_sdk_1_60_00_12/source/ti/drivers/lib/drivers_msp432p401x.am4fg(SPIMSP432DMA.om4fg)
                0x0000000000005a10                SPIMSP432DMA_close
 .text.SPIMSP432DMA_init
                0x0000000000005a7c        0x4 /Users/makiah/ti/simplelink_msp432p4_sdk_1_60_00_12/source/ti/drivers/lib/drivers_msp432p401x.am4fg(SPIMSP432DMA.om4fg)
                0x0000000000005a7c                SPIMSP432DMA_init
 .text.configDMA
                0x0000000000005a80      0x10c /Users/makiah/ti/simplelink_msp432p4_sdk_1_60_00_12/source/ti/drivers/lib/drivers_msp432p401x.am4fg(SPIMSP432DMA.om4fg)
 .text.spiHwiFxn
                0x0000000000005b8c       0x58 /Users/makiah/ti/simplelink_msp432p4_sdk_1_60_00_12/source/ti/drivers/lib/drivers_msp432p401x.am4fg(SPIMSP432DMA.om4fg)
 .text.blockingTransferCallback
                0x0000000000005be4        0x8 /Users/makiah/ti/simplelink_msp432p4_sdk_1_60_00_12/source/ti/drivers/lib/drivers_msp432p401x.am4fg(SPIMSP432DMA.om4fg)
 .text.initHw   0x0000000000005bec       0x84 /Users/makiah/ti/simplelink_msp432p4_sdk_1_60_00_12/source/ti/drivers/lib/drivers_msp432p401x.am4fg(SPIMSP432DMA.om4fg)
 .text.SPIMSP432DMA_open
                0x0000000000005c70      0x334 /Users/makiah/ti/simplelink_msp432p4_sdk_1_60_00_12/source/ti/drivers/lib/drivers_msp432p401x.am4fg(SPIMSP432DMA.om4fg)
                0x0000000000005c70                SPIMSP432DMA_open
 .text.perfChangeNotifyFxn
                0x0000000000005fa4       0x28 /Users/makiah/ti/simplelink_msp432p4_sdk_1_60_00_12/source/ti/drivers/lib/drivers_msp432p401x.am4fg(SPIMSP432DMA.om4fg)
 .text.SPIMSP432DMA_transferCancel
                0x0000000000005fcc      0x118 /Users/makiah/ti/simplelink_msp432p4_sdk_1_60_00_12/source/ti/drivers/lib/drivers_msp432p401x.am4fg(SPIMSP432DMA.om4fg)
                0x0000000000005fcc                SPIMSP432DMA_transferCancel
 .text.SPIMSP432DMA_transfer
                0x00000000000060e4      0x124 /Users/makiah/ti/simplelink_msp432p4_sdk_1_60_00_12/source/ti/drivers/lib/drivers_msp432p401x.am4fg(SPIMSP432DMA.om4fg)
                0x00000000000060e4                SPIMSP432DMA_transfer
 .text.Timer_init
                0x0000000000006208       0x4c /Users/makiah/ti/simplelink_msp432p4_sdk_1_60_00_12/source/ti/drivers/lib/drivers_msp432p401x.am4fg(Timer.om4fg)
                0x0000000000006208                Timer_init
 .text.Timer_open
                0x0000000000006254       0x44 /Users/makiah/ti/simplelink_msp432p4_sdk_1_60_00_12/source/ti/drivers/lib/drivers_msp432p401x.am4fg(Timer.om4fg)
                0x0000000000006254                Timer_open
 .text.Timer_Params_init
                0x0000000000006298       0x10 /Users/makiah/ti/simplelink_msp432p4_sdk_1_60_00_12/source/ti/drivers/lib/drivers_msp432p401x.am4fg(Timer.om4fg)
                0x0000000000006298                Timer_Params_init
 .text.Timer_start
                0x00000000000062a8        0x8 /Users/makiah/ti/simplelink_msp432p4_sdk_1_60_00_12/source/ti/drivers/lib/drivers_msp432p401x.am4fg(Timer.om4fg)
                0x00000000000062a8                Timer_start
 .text.TimerMSP432_control
                0x00000000000062b0        0x8 /Users/makiah/ti/simplelink_msp432p4_sdk_1_60_00_12/source/ti/drivers/lib/drivers_msp432p401x.am4fg(TimerMSP432.om4fg)
                0x00000000000062b0                TimerMSP432_control
 .text.TimerMSP432_getCount
                0x00000000000062b8       0x34 /Users/makiah/ti/simplelink_msp432p4_sdk_1_60_00_12/source/ti/drivers/lib/drivers_msp432p401x.am4fg(TimerMSP432.om4fg)
                0x00000000000062b8                TimerMSP432_getCount
 .text.TimerMSP432_init
                0x00000000000062ec        0x4 /Users/makiah/ti/simplelink_msp432p4_sdk_1_60_00_12/source/ti/drivers/lib/drivers_msp432p401x.am4fg(TimerMSP432.om4fg)
                0x00000000000062ec                TimerMSP432_init
 .text.TimerMSP432_start
                0x00000000000062f0       0xb8 /Users/makiah/ti/simplelink_msp432p4_sdk_1_60_00_12/source/ti/drivers/lib/drivers_msp432p401x.am4fg(TimerMSP432.om4fg)
                0x00000000000062f0                TimerMSP432_start
 .text.TimerMSP432_stop
                0x00000000000063a8       0x84 /Users/makiah/ti/simplelink_msp432p4_sdk_1_60_00_12/source/ti/drivers/lib/drivers_msp432p401x.am4fg(TimerMSP432.om4fg)
                0x00000000000063a8                TimerMSP432_stop
 .text.TimerMSP432_hwiIntFunction
                0x000000000000642c       0x54 /Users/makiah/ti/simplelink_msp432p4_sdk_1_60_00_12/source/ti/drivers/lib/drivers_msp432p401x.am4fg(TimerMSP432.om4fg)
 .text.setTATickCount.isra.1
                0x0000000000006480       0xa0 /Users/makiah/ti/simplelink_msp432p4_sdk_1_60_00_12/source/ti/drivers/lib/drivers_msp432p401x.am4fg(TimerMSP432.om4fg)
 .text.initTimerHardware.isra.2
                0x0000000000006520      0x148 /Users/makiah/ti/simplelink_msp432p4_sdk_1_60_00_12/source/ti/drivers/lib/drivers_msp432p401x.am4fg(TimerMSP432.om4fg)
 .text.perfChangeNotifyFxn
                0x0000000000006668       0x24 /Users/makiah/ti/simplelink_msp432p4_sdk_1_60_00_12/source/ti/drivers/lib/drivers_msp432p401x.am4fg(TimerMSP432.om4fg)
 .text.TimerMSP432_allocateTimerResource
                0x000000000000668c       0x90 /Users/makiah/ti/simplelink_msp432p4_sdk_1_60_00_12/source/ti/drivers/lib/drivers_msp432p401x.am4fg(TimerMSP432.om4fg)
                0x000000000000668c                TimerMSP432_allocateTimerResource
 .text.TimerMSP432_freeTimerResource
                0x000000000000671c       0x78 /Users/makiah/ti/simplelink_msp432p4_sdk_1_60_00_12/source/ti/drivers/lib/drivers_msp432p401x.am4fg(TimerMSP432.om4fg)
                0x000000000000671c                TimerMSP432_freeTimerResource
 .text.TimerMSP432_close
                0x0000000000006794       0x5c /Users/makiah/ti/simplelink_msp432p4_sdk_1_60_00_12/source/ti/drivers/lib/drivers_msp432p401x.am4fg(TimerMSP432.om4fg)
                0x0000000000006794                TimerMSP432_close
 .text.TimerMSP432_open
                0x00000000000067f0      0x15c /Users/makiah/ti/simplelink_msp432p4_sdk_1_60_00_12/source/ti/drivers/lib/drivers_msp432p401x.am4fg(TimerMSP432.om4fg)
                0x00000000000067f0                TimerMSP432_open
 .text.UART_close
                0x000000000000694c        0x8 /Users/makiah/ti/simplelink_msp432p4_sdk_1_60_00_12/source/ti/drivers/lib/drivers_msp432p401x.am4fg(UART.om4fg)
                0x000000000000694c                UART_close
 .text.UART_control
                0x0000000000006954        0x8 /Users/makiah/ti/simplelink_msp432p4_sdk_1_60_00_12/source/ti/drivers/lib/drivers_msp432p401x.am4fg(UART.om4fg)
                0x0000000000006954                UART_control
 .text.UART_init
                0x000000000000695c       0x4c /Users/makiah/ti/simplelink_msp432p4_sdk_1_60_00_12/source/ti/drivers/lib/drivers_msp432p401x.am4fg(UART.om4fg)
                0x000000000000695c                UART_init
 .text.UART_open
                0x00000000000069a8       0x44 /Users/makiah/ti/simplelink_msp432p4_sdk_1_60_00_12/source/ti/drivers/lib/drivers_msp432p401x.am4fg(UART.om4fg)
                0x00000000000069a8                UART_open
 .text.UART_Params_init
                0x00000000000069ec       0x1c /Users/makiah/ti/simplelink_msp432p4_sdk_1_60_00_12/source/ti/drivers/lib/drivers_msp432p401x.am4fg(UART.om4fg)
                0x00000000000069ec                UART_Params_init
 .text.UART_write
                0x0000000000006a08        0x8 /Users/makiah/ti/simplelink_msp432p4_sdk_1_60_00_12/source/ti/drivers/lib/drivers_msp432p401x.am4fg(UART.om4fg)
                0x0000000000006a08                UART_write
 .text.initHw   0x0000000000006a10       0xa8 /Users/makiah/ti/simplelink_msp432p4_sdk_1_60_00_12/source/ti/drivers/lib/drivers_msp432p401x.am4fg(UARTMSP432.om4fg)
 .text.UARTMSP432_init
                0x0000000000006ab8        0x4 /Users/makiah/ti/simplelink_msp432p4_sdk_1_60_00_12/source/ti/drivers/lib/drivers_msp432p401x.am4fg(UARTMSP432.om4fg)
                0x0000000000006ab8                UARTMSP432_init
 .text.UARTMSP432_close
                0x0000000000006abc       0x94 /Users/makiah/ti/simplelink_msp432p4_sdk_1_60_00_12/source/ti/drivers/lib/drivers_msp432p401x.am4fg(UARTMSP432.om4fg)
                0x0000000000006abc                UARTMSP432_close
 .text.UARTMSP432_control
                0x0000000000006b50       0xbc /Users/makiah/ti/simplelink_msp432p4_sdk_1_60_00_12/source/ti/drivers/lib/drivers_msp432p401x.am4fg(UARTMSP432.om4fg)
                0x0000000000006b50                UARTMSP432_control
 .text.UARTMSP432_writePolling
                0x0000000000006c0c       0xb0 /Users/makiah/ti/simplelink_msp432p4_sdk_1_60_00_12/source/ti/drivers/lib/drivers_msp432p401x.am4fg(UARTMSP432.om4fg)
                0x0000000000006c0c                UARTMSP432_writePolling
 .text.UARTMSP432_read
                0x0000000000006cbc       0x40 /Users/makiah/ti/simplelink_msp432p4_sdk_1_60_00_12/source/ti/drivers/lib/drivers_msp432p401x.am4fg(UARTMSP432.om4fg)
                0x0000000000006cbc                UARTMSP432_read
 .text.UARTMSP432_readCancel
                0x0000000000006cfc       0x38 /Users/makiah/ti/simplelink_msp432p4_sdk_1_60_00_12/source/ti/drivers/lib/drivers_msp432p401x.am4fg(UARTMSP432.om4fg)
                0x0000000000006cfc                UARTMSP432_readCancel
 .text.UARTMSP432_writeCancel
                0x0000000000006d34       0x60 /Users/makiah/ti/simplelink_msp432p4_sdk_1_60_00_12/source/ti/drivers/lib/drivers_msp432p401x.am4fg(UARTMSP432.om4fg)
                0x0000000000006d34                UARTMSP432_writeCancel
 .text.perfChangeNotifyFxn
                0x0000000000006d94       0x40 /Users/makiah/ti/simplelink_msp432p4_sdk_1_60_00_12/source/ti/drivers/lib/drivers_msp432p401x.am4fg(UARTMSP432.om4fg)
 .text.UARTMSP432_open
                0x0000000000006dd4      0x350 /Users/makiah/ti/simplelink_msp432p4_sdk_1_60_00_12/source/ti/drivers/lib/drivers_msp432p401x.am4fg(UARTMSP432.om4fg)
                0x0000000000006dd4                UARTMSP432_open
 .text.readIsrTextBlocking
                0x0000000000007124       0x88 /Users/makiah/ti/simplelink_msp432p4_sdk_1_60_00_12/source/ti/drivers/lib/drivers_msp432p401x.am4fg(UARTMSP432.om4fg)
 .text.readIsrBinaryBlocking
                0x00000000000071ac       0x5c /Users/makiah/ti/simplelink_msp432p4_sdk_1_60_00_12/source/ti/drivers/lib/drivers_msp432p401x.am4fg(UARTMSP432.om4fg)
 .text.readTaskCallback
                0x0000000000007208       0x88 /Users/makiah/ti/simplelink_msp432p4_sdk_1_60_00_12/source/ti/drivers/lib/drivers_msp432p401x.am4fg(UARTMSP432.om4fg)
 .text.readIsrTextCallback
                0x0000000000007290       0x98 /Users/makiah/ti/simplelink_msp432p4_sdk_1_60_00_12/source/ti/drivers/lib/drivers_msp432p401x.am4fg(UARTMSP432.om4fg)
 .text.readIsrBinaryCallback
                0x0000000000007328       0x50 /Users/makiah/ti/simplelink_msp432p4_sdk_1_60_00_12/source/ti/drivers/lib/drivers_msp432p401x.am4fg(UARTMSP432.om4fg)
 .text.UARTMSP432_readPolling
                0x0000000000007378       0xe4 /Users/makiah/ti/simplelink_msp432p4_sdk_1_60_00_12/source/ti/drivers/lib/drivers_msp432p401x.am4fg(UARTMSP432.om4fg)
                0x0000000000007378                UARTMSP432_readPolling
 .text.UARTMSP432_write
                0x000000000000745c       0x94 /Users/makiah/ti/simplelink_msp432p4_sdk_1_60_00_12/source/ti/drivers/lib/drivers_msp432p401x.am4fg(UARTMSP432.om4fg)
                0x000000000000745c                UARTMSP432_write
 .text.readTaskBlocking
                0x00000000000074f0       0xb0 /Users/makiah/ti/simplelink_msp432p4_sdk_1_60_00_12/source/ti/drivers/lib/drivers_msp432p401x.am4fg(UARTMSP432.om4fg)
 .text.readBlockingTimeout
                0x00000000000075a0       0x10 /Users/makiah/ti/simplelink_msp432p4_sdk_1_60_00_12/source/ti/drivers/lib/drivers_msp432p401x.am4fg(UARTMSP432.om4fg)
 .text.readSemCallback
                0x00000000000075b0        0x8 /Users/makiah/ti/simplelink_msp432p4_sdk_1_60_00_12/source/ti/drivers/lib/drivers_msp432p401x.am4fg(UARTMSP432.om4fg)
 .text.writeSemCallback
                0x00000000000075b8        0x8 /Users/makiah/ti/simplelink_msp432p4_sdk_1_60_00_12/source/ti/drivers/lib/drivers_msp432p401x.am4fg(UARTMSP432.om4fg)
 .text.UARTMSP432_hwiIntFxn
                0x00000000000075c0      0x148 /Users/makiah/ti/simplelink_msp432p4_sdk_1_60_00_12/source/ti/drivers/lib/drivers_msp432p401x.am4fg(UARTMSP432.om4fg)
                0x00000000000075c0                UARTMSP432_hwiIntFxn
 .text.List_head
                0x0000000000007708        0x4 /Users/makiah/ti/simplelink_msp432p4_sdk_1_60_00_12/source/ti/drivers/lib/drivers_msp432p401x.am4fg(List.om4fg)
                0x0000000000007708                List_head
 .text.List_next
                0x000000000000770c        0x4 /Users/makiah/ti/simplelink_msp432p4_sdk_1_60_00_12/source/ti/drivers/lib/drivers_msp432p401x.am4fg(List.om4fg)
                0x000000000000770c                List_next
 .text.List_put
                0x0000000000007710       0x2c /Users/makiah/ti/simplelink_msp432p4_sdk_1_60_00_12/source/ti/drivers/lib/drivers_msp432p401x.am4fg(List.om4fg)
                0x0000000000007710                List_put
 .text.List_remove
                0x000000000000773c       0x1c /Users/makiah/ti/simplelink_msp432p4_sdk_1_60_00_12/source/ti/drivers/lib/drivers_msp432p401x.am4fg(List.om4fg)
                0x000000000000773c                List_remove
 .text.RingBuf_construct
                0x0000000000007758       0x14 /Users/makiah/ti/simplelink_msp432p4_sdk_1_60_00_12/source/ti/drivers/lib/drivers_msp432p401x.am4fg(RingBuf.om4fg)
                0x0000000000007758                RingBuf_construct
 .text.RingBuf_get
                0x000000000000776c       0x40 /Users/makiah/ti/simplelink_msp432p4_sdk_1_60_00_12/source/ti/drivers/lib/drivers_msp432p401x.am4fg(RingBuf.om4fg)
                0x000000000000776c                RingBuf_get
 .text.RingBuf_peek
                0x00000000000077ac       0x1c /Users/makiah/ti/simplelink_msp432p4_sdk_1_60_00_12/source/ti/drivers/lib/drivers_msp432p401x.am4fg(RingBuf.om4fg)
                0x00000000000077ac                RingBuf_peek
 .text.RingBuf_put
                0x00000000000077c8       0x48 /Users/makiah/ti/simplelink_msp432p4_sdk_1_60_00_12/source/ti/drivers/lib/drivers_msp432p401x.am4fg(RingBuf.om4fg)
                0x00000000000077c8                RingBuf_put
 .text.ClockP_callbackFxn
                0x0000000000007810       0x28 /Users/makiah/Desktop/Karman/karman-workspace/freertos_builds_MSP_EXP432P401R_release_gcc/Debug/libfreertos_builds_MSP_EXP432P401R_release_gcc.a(ClockP_freertos.o)
                0x0000000000007810                ClockP_callbackFxn
 .text.ClockP_create
                0x0000000000007838       0x90 /Users/makiah/Desktop/Karman/karman-workspace/freertos_builds_MSP_EXP432P401R_release_gcc/Debug/libfreertos_builds_MSP_EXP432P401R_release_gcc.a(ClockP_freertos.o)
                0x0000000000007838                ClockP_create
 .text.ClockP_delete
                0x00000000000078c8       0x54 /Users/makiah/Desktop/Karman/karman-workspace/freertos_builds_MSP_EXP432P401R_release_gcc/Debug/libfreertos_builds_MSP_EXP432P401R_release_gcc.a(ClockP_freertos.o)
                0x00000000000078c8                ClockP_delete
 .text.ClockP_Params_init
                0x000000000000791c       0x26 /Users/makiah/Desktop/Karman/karman-workspace/freertos_builds_MSP_EXP432P401R_release_gcc/Debug/libfreertos_builds_MSP_EXP432P401R_release_gcc.a(ClockP_freertos.o)
                0x000000000000791c                ClockP_Params_init
 .text.ClockP_setTimeout
                0x0000000000007942       0x20 /Users/makiah/Desktop/Karman/karman-workspace/freertos_builds_MSP_EXP432P401R_release_gcc/Debug/libfreertos_builds_MSP_EXP432P401R_release_gcc.a(ClockP_freertos.o)
                0x0000000000007942                ClockP_setTimeout
 *fill*         0x0000000000007962        0x2 
 .text.ClockP_start
                0x0000000000007964       0xbc /Users/makiah/Desktop/Karman/karman-workspace/freertos_builds_MSP_EXP432P401R_release_gcc/Debug/libfreertos_builds_MSP_EXP432P401R_release_gcc.a(ClockP_freertos.o)
                0x0000000000007964                ClockP_start
 .text.ClockP_stop
                0x0000000000007a20       0x70 /Users/makiah/Desktop/Karman/karman-workspace/freertos_builds_MSP_EXP432P401R_release_gcc/Debug/libfreertos_builds_MSP_EXP432P401R_release_gcc.a(ClockP_freertos.o)
                0x0000000000007a20                ClockP_stop
 .text.HwiP_disable
                0x0000000000007a90       0x34 /Users/makiah/Desktop/Karman/karman-workspace/freertos_builds_MSP_EXP432P401R_release_gcc/Debug/libfreertos_builds_MSP_EXP432P401R_release_gcc.a(HwiPMSP432_freertos.o)
                0x0000000000007a90                HwiP_disable
 .text.HwiP_restore
                0x0000000000007ac4       0x2c /Users/makiah/Desktop/Karman/karman-workspace/freertos_builds_MSP_EXP432P401R_release_gcc/Debug/libfreertos_builds_MSP_EXP432P401R_release_gcc.a(HwiPMSP432_freertos.o)
                0x0000000000007ac4                HwiP_restore
 .text.HwiP_clearInterrupt
                0x0000000000007af0       0x18 /Users/makiah/Desktop/Karman/karman-workspace/freertos_builds_MSP_EXP432P401R_release_gcc/Debug/libfreertos_builds_MSP_EXP432P401R_release_gcc.a(HwiPMSP432_freertos.o)
                0x0000000000007af0                HwiP_clearInterrupt